Component: ARM Compiler 5.06 update 5 (build 528) Tool: armlink [4d35e2]

==============================================================================

Section Cross References

    system_stm32f10x.o(i.SetSysClock) refers to system_stm32f10x.o(i.SetSysClockTo72) for SetSysClockTo72
    system_stm32f10x.o(i.SystemCoreClockUpdate) refers to system_stm32f10x.o(.data) for .data
    system_stm32f10x.o(i.SystemInit) refers to system_stm32f10x.o(i.SetSysClock) for SetSysClock
    startup_stm32f10x_ld.o(STACK) refers (Special) to heapauxi.o(.text) for __use_two_region_memory
    startup_stm32f10x_ld.o(HEAP) refers (Special) to heapauxi.o(.text) for __use_two_region_memory
    startup_stm32f10x_ld.o(RESET) refers (Special) to heapauxi.o(.text) for __use_two_region_memory
    startup_stm32f10x_ld.o(RESET) refers to startup_stm32f10x_ld.o(STACK) for __initial_sp
    startup_stm32f10x_ld.o(RESET) refers to startup_stm32f10x_ld.o(.text) for Reset_Handler
    startup_stm32f10x_ld.o(RESET) refers to stm32f10x_it.o(i.NMI_Handler) for NMI_Handler
    startup_stm32f10x_ld.o(RESET) refers to stm32f10x_it.o(i.HardFault_Handler) for HardFault_Handler
    startup_stm32f10x_ld.o(RESET) refers to stm32f10x_it.o(i.MemManage_Handler) for MemManage_Handler
    startup_stm32f10x_ld.o(RESET) refers to stm32f10x_it.o(i.BusFault_Handler) for BusFault_Handler
    startup_stm32f10x_ld.o(RESET) refers to stm32f10x_it.o(i.UsageFault_Handler) for UsageFault_Handler
    startup_stm32f10x_ld.o(RESET) refers to stm32f10x_it.o(i.SVC_Handler) for SVC_Handler
    startup_stm32f10x_ld.o(RESET) refers to stm32f10x_it.o(i.DebugMon_Handler) for DebugMon_Handler
    startup_stm32f10x_ld.o(RESET) refers to stm32f10x_it.o(i.PendSV_Handler) for PendSV_Handler
    startup_stm32f10x_ld.o(RESET) refers to stm32f10x_it.o(i.SysTick_Handler) for SysTick_Handler
    startup_stm32f10x_ld.o(RESET) refers to interrupt.o(i.EXTI1_IRQHandler) for EXTI1_IRQHandler
    startup_stm32f10x_ld.o(RESET) refers to interrupt.o(i.TIM3_IRQHandler) for TIM3_IRQHandler
    startup_stm32f10x_ld.o(.text) refers (Special) to heapauxi.o(.text) for __use_two_region_memory
    startup_stm32f10x_ld.o(.text) refers to system_stm32f10x.o(i.SystemInit) for SystemInit
    startup_stm32f10x_ld.o(.text) refers to __main.o(!!!main) for __main
    startup_stm32f10x_ld.o(.text) refers to startup_stm32f10x_ld.o(HEAP) for Heap_Mem
    startup_stm32f10x_ld.o(.text) refers to startup_stm32f10x_ld.o(STACK) for Stack_Mem
    stm32f10x_adc.o(i.ADC_DeInit) refers to stm32f10x_rcc.o(i.RCC_APB2PeriphResetCmd) for RCC_APB2PeriphResetCmd
    stm32f10x_bkp.o(i.BKP_DeInit) refers to stm32f10x_rcc.o(i.RCC_BackupResetCmd) for RCC_BackupResetCmd
    stm32f10x_can.o(i.CAN_DeInit) refers to stm32f10x_rcc.o(i.RCC_APB1PeriphResetCmd) for RCC_APB1PeriphResetCmd
    stm32f10x_can.o(i.CAN_GetITStatus) refers to stm32f10x_can.o(i.CheckITStatus) for CheckITStatus
    stm32f10x_cec.o(i.CEC_DeInit) refers to stm32f10x_rcc.o(i.RCC_APB1PeriphResetCmd) for RCC_APB1PeriphResetCmd
    stm32f10x_dac.o(i.DAC_DeInit) refers to stm32f10x_rcc.o(i.RCC_APB1PeriphResetCmd) for RCC_APB1PeriphResetCmd
    stm32f10x_flash.o(i.FLASH_EnableWriteProtection) refers to stm32f10x_flash.o(i.FLASH_WaitForLastOperation) for FLASH_WaitForLastOperation
    stm32f10x_flash.o(i.FLASH_EraseAllBank1Pages) refers to stm32f10x_flash.o(i.FLASH_WaitForLastBank1Operation) for FLASH_WaitForLastBank1Operation
    stm32f10x_flash.o(i.FLASH_EraseAllPages) refers to stm32f10x_flash.o(i.FLASH_WaitForLastOperation) for FLASH_WaitForLastOperation
    stm32f10x_flash.o(i.FLASH_EraseOptionBytes) refers to stm32f10x_flash.o(i.FLASH_GetReadOutProtectionStatus) for FLASH_GetReadOutProtectionStatus
    stm32f10x_flash.o(i.FLASH_EraseOptionBytes) refers to stm32f10x_flash.o(i.FLASH_WaitForLastOperation) for FLASH_WaitForLastOperation
    stm32f10x_flash.o(i.FLASH_ErasePage) refers to stm32f10x_flash.o(i.FLASH_WaitForLastOperation) for FLASH_WaitForLastOperation
    stm32f10x_flash.o(i.FLASH_ProgramHalfWord) refers to stm32f10x_flash.o(i.FLASH_WaitForLastOperation) for FLASH_WaitForLastOperation
    stm32f10x_flash.o(i.FLASH_ProgramOptionByteData) refers to stm32f10x_flash.o(i.FLASH_WaitForLastOperation) for FLASH_WaitForLastOperation
    stm32f10x_flash.o(i.FLASH_ProgramWord) refers to stm32f10x_flash.o(i.FLASH_WaitForLastOperation) for FLASH_WaitForLastOperation
    stm32f10x_flash.o(i.FLASH_ReadOutProtection) refers to stm32f10x_flash.o(i.FLASH_WaitForLastOperation) for FLASH_WaitForLastOperation
    stm32f10x_flash.o(i.FLASH_UserOptionByteConfig) refers to stm32f10x_flash.o(i.FLASH_WaitForLastOperation) for FLASH_WaitForLastOperation
    stm32f10x_flash.o(i.FLASH_WaitForLastBank1Operation) refers to stm32f10x_flash.o(i.FLASH_GetBank1Status) for FLASH_GetBank1Status
    stm32f10x_flash.o(i.FLASH_WaitForLastOperation) refers to stm32f10x_flash.o(i.FLASH_GetBank1Status) for FLASH_GetBank1Status
[...]
    Removing stm32f10x_tim.o(i.TIM_OC3FastConfig), (12 bytes).
    Removing stm32f10x_tim.o(i.TIM_OC3Init), (132 bytes).
    Removing stm32f10x_tim.o(i.TIM_OC3NPolarityConfig), (20 bytes).
    Removing stm32f10x_tim.o(i.TIM_OC3PolarityConfig), (20 bytes).
    Removing stm32f10x_tim.o(i.TIM_OC3PreloadConfig), (12 bytes).
    Removing stm32f10x_tim.o(i.TIM_OC4FastConfig), (20 bytes).
    Removing stm32f10x_tim.o(i.TIM_OC4Init), (104 bytes).
    Removing stm32f10x_tim.o(i.TIM_OC4PolarityConfig), (20 bytes).
    Removing stm32f10x_tim.o(i.TIM_OC4PreloadConfig), (20 bytes).
    Removing stm32f10x_tim.o(i.TIM_OCStructInit), (20 bytes).
    Removing stm32f10x_tim.o(i.TIM_PWMIConfig), (110 bytes).
    Removing stm32f10x_tim.o(i.TIM_PrescalerConfig), (6 bytes).
    Removing stm32f10x_tim.o(i.TIM_SelectCCDMA), (24 bytes).
    Removing stm32f10x_tim.o(i.TIM_SelectCOM), (24 bytes).
    Removing stm32f10x_tim.o(i.TIM_SelectHallSensor), (24 bytes).
    Removing stm32f10x_tim.o(i.TIM_SelectInputTrigger), (12 bytes).
    Removing stm32f10x_tim.o(i.TIM_SelectMasterSlaveMode), (16 bytes).
    Removing stm32f10x_tim.o(i.TIM_SelectOCxM), (76 bytes).
    Removing stm32f10x_tim.o(i.TIM_SelectOnePulseMode), (16 bytes).
    Removing stm32f10x_tim.o(i.TIM_SelectOutputTrigger), (16 bytes).
    Removing stm32f10x_tim.o(i.TIM_SelectSlaveMode), (16 bytes).
    Removing stm32f10x_tim.o(i.TIM_SetAutoreload), (4 bytes).
    Removing stm32f10x_tim.o(i.TIM_SetClockDivision), (16 bytes).
    Removing stm32f10x_tim.o(i.TIM_SetCompare1), (4 bytes).
    Removing stm32f10x_tim.o(i.TIM_SetCompare2), (4 bytes).
    Removing stm32f10x_tim.o(i.TIM_SetCompare3), (4 bytes).
    Removing stm32f10x_tim.o(i.TIM_SetCompare4), (6 bytes).
    Removing stm32f10x_tim.o(i.TIM_SetCounter), (4 bytes).
    Removing stm32f10x_tim.o(i.TIM_SetIC1Prescaler), (16 bytes).
    Removing stm32f10x_tim.o(i.TIM_SetIC2Prescaler), (24 bytes).
    Removing stm32f10x_tim.o(i.TIM_SetIC3Prescaler), (16 bytes).
    Removing stm32f10x_tim.o(i.TIM_SetIC4Prescaler), (24 bytes).
    Removing stm32f10x_tim.o(i.TIM_TIxExternalClockConfig), (48 bytes).
    Removing stm32f10x_tim.o(i.TIM_TimeBaseStructInit), (18 bytes).
    Removing stm32f10x_tim.o(i.TIM_UpdateDisableConfig), (24 bytes).
    Removing stm32f10x_tim.o(i.TIM_UpdateRequestConfig), (24 bytes).
    Removing stm32f10x_usart.o(i.USART_ClearFlag), (8 bytes).
    Removing stm32f10x_usart.o(i.USART_ClearITPendingBit), (16 bytes).
    Removing stm32f10x_usart.o(i.USART_ClockInit), (30 bytes).
    Removing stm32f10x_usart.o(i.USART_ClockStructInit), (12 bytes).
    Removing stm32f10x_usart.o(i.USART_DMACmd), (20 bytes).
    Removing stm32f10x_usart.o(i.USART_DeInit), (164 bytes).
    Removing stm32f10x_usart.o(i.USART_GetITStatus), (64 bytes).
    Removing stm32f10x_usart.o(i.USART_HalfDuplexCmd), (24 bytes).
    Removing stm32f10x_usart.o(i.USART_ITConfig), (54 bytes).
    Removing stm32f10x_usart.o(i.USART_IrDACmd), (24 bytes).
    Removing stm32f10x_usart.o(i.USART_IrDAConfig), (16 bytes).
    Removing stm32f10x_usart.o(i.USART_LINBreakDetectLengthConfig), (16 bytes).
    Removing stm32f10x_usart.o(i.USART_LINCmd), (24 bytes).
    Removing stm32f10x_usart.o(i.USART_OneBitMethodCmd), (24 bytes).
    Removing stm32f10x_usart.o(i.USART_OverSampling8Cmd), (24 bytes).
    Removing stm32f10x_usart.o(i.USART_ReceiveData), (8 bytes).
    Removing stm32f10x_usart.o(i.USART_ReceiverWakeUpCmd), (24 bytes).
    Removing stm32f10x_usart.o(i.USART_SendBreak), (10 bytes).
    Removing stm32f10x_usart.o(i.USART_SetAddress), (16 bytes).
    Removing stm32f10x_usart.o(i.USART_SetGuardTime), (16 bytes).
    Removing stm32f10x_usart.o(i.USART_SetPrescaler), (16 bytes).
    Removing stm32f10x_usart.o(i.USART_SmartCardCmd), (24 bytes).
    Removing stm32f10x_usart.o(i.USART_SmartCardNACKCmd), (24 bytes).
    Removing stm32f10x_usart.o(i.USART_StructInit), (22 bytes).
    Removing stm32f10x_usart.o(i.USART_WakeUpConfig), (16 bytes).
    Removing stm32f10x_wwdg.o(i.WWDG_ClearFlag), (12 bytes).
    Removing stm32f10x_wwdg.o(i.WWDG_DeInit), (24 bytes).
    Removing stm32f10x_wwdg.o(i.WWDG_Enable), (16 bytes).
    Removing stm32f10x_wwdg.o(i.WWDG_EnableIT), (12 bytes).
    Removing stm32f10x_wwdg.o(i.WWDG_GetFlagStatus), (12 bytes).
    Removing stm32f10x_wwdg.o(i.WWDG_SetCounter), (16 bytes).
    Removing stm32f10x_wwdg.o(i.WWDG_SetPrescaler), (20 bytes).
    Removing stm32f10x_wwdg.o(i.WWDG_SetWindowValue), (32 bytes).
    Removing delay.o(i.Delay_ms), (24 bytes).
    Removing delay.o(i.Delay_s), (24 bytes).
    Removing timer.o(i.TIM2_Init), (66 bytes).
    Removing timer.o(i.TIM2_Interrupt_Init), (54 bytes).
    Removing usart.o(i.USART1_GetPacket), (92 bytes).
    Removing usart.o(i.USART1_Get_Pow), (16 bytes).
    Removing usart.o(i.USART1_Interrupt_Init), (52 bytes).
    Removing usart.o(i.USART1_SendArray), (26 bytes).
    Removing usart.o(i.USART1_SendNumber), (54 bytes).
    Removing usart.o(i.USART1_SendString), (24 bytes).
    Removing usart.o(.data), (6 bytes).
    Removing oled.o(i.OLED_Clear), (38 bytes).
    Removing oled.o(i.OLED_I2C_Init), (64 bytes).
    Removing oled.o(i.OLED_I2C_SendByte), (92 bytes).
    Removing oled.o(i.OLED_I2C_Start), (56 bytes).
    Removing oled.o(i.OLED_I2C_Stop), (48 bytes).
    Removing oled.o(i.OLED_Init), (172 bytes).
    Removing oled.o(i.OLED_Pow), (16 bytes).
    Removing oled.o(i.OLED_SetCursor), (34 bytes).
    Removing oled.o(i.OLED_ShowBinNum), (58 bytes).
    Removing oled.o(i.OLED_ShowChar), (88 bytes).
    Removing oled.o(i.OLED_ShowHexNum), (80 bytes).
    Removing oled.o(i.OLED_ShowNum), (64 bytes).
    Removing oled.o(i.OLED_ShowSignedNum), (98 bytes).
    Removing oled.o(i.OLED_ShowString), (38 bytes).
    Removing oled.o(i.OLED_WriteCommand), (34 bytes).
    Removing oled.o(i.OLED_WriteData), (34 bytes).
    Removing oled.o(.constdata), (1520 bytes).
    Removing adc.o(i.ADC1_Interrupt_Init), (52 bytes).
    Removing lcd.o(i.Draw_Circle), (188 bytes).
    Removing lcd.o(i.LCD_Address_Set), (66 bytes).
    Removing lcd.o(i.LCD_Clear), (22 bytes).
    Removing lcd.o(i.LCD_DrawLine), (154 bytes).
    Removing lcd.o(i.LCD_DrawPoint), (22 bytes).
    Removing lcd.o(i.LCD_DrawRectangle), (74 bytes).
    Removing lcd.o(i.LCD_Fill), (64 bytes).
    Removing lcd.o(i.LCD_GPIO_Init), (92 bytes).
    Removing lcd.o(i.LCD_Init), (504 bytes).
    Removing lcd.o(i.LCD_ShowChar), (284 bytes).
    Removing lcd.o(i.LCD_ShowChinese), (134 bytes).
    Removing lcd.o(i.LCD_ShowChinese12x12), (260 bytes).
    Removing lcd.o(i.LCD_ShowChinese16x16), (256 bytes).
    Removing lcd.o(i.LCD_ShowChinese24x24), (260 bytes).
    Removing lcd.o(i.LCD_ShowChinese32x32), (256 bytes).
    Removing lcd.o(i.LCD_ShowFloatNum1), (148 bytes).
    Removing lcd.o(i.LCD_ShowIntNum), (132 bytes).
    Removing lcd.o(i.LCD_ShowPicture), (80 bytes).
    Removing lcd.o(i.LCD_ShowString), (54 bytes).
    Removing lcd.o(i.LCD_WR_DATA), (20 bytes).
    Removing lcd.o(i.LCD_WR_DATA8), (4 bytes).
    Removing lcd.o(i.LCD_WR_REG), (44 bytes).
    Removing lcd.o(i.LCD_Writ_Bus), (44 bytes).
    Removing lcd.o(i.mypow), (16 bytes).
    Removing lcd.o(.constdata), (13896 bytes).

489 unused section(s) (total 34748 bytes) removed from the image.

==============================================================================

Image Symbol Table

    Local Symbols

    Symbol Name                              Value     Ov Type        Size  Object(Section)

    ../clib/angel/boardlib.s                 0x00000000   Number         0  boardinit2.o ABSOLUTE
    ../clib/angel/boardlib.s                 0x00000000   Number         0  boardinit1.o ABSOLUTE
    ../clib/angel/boardlib.s                 0x00000000   Number         0  boardshut.o ABSOLUTE
    ../clib/angel/boardlib.s                 0x00000000   Number         0  boardinit3.o ABSOLUTE
    ../clib/angel/handlers.s                 0x00000000   Number         0  __scatter_copy.o ABSOLUTE
    ../clib/angel/handlers.s                 0x00000000   Number         0  __scatter_zi.o ABSOLUTE
    ../clib/angel/kernel.s                   0x00000000   Number         0  rtexit2.o ABSOLUTE
    ../clib/angel/kernel.s                   0x00000000   Number         0  rtexit.o ABSOLUTE
    ../clib/angel/kernel.s                   0x00000000   Number         0  __rtentry.o ABSOLUTE
    ../clib/angel/kernel.s                   0x00000000   Number         0  __rtentry4.o ABSOLUTE
    ../clib/angel/kernel.s                   0x00000000   Number         0  __rtentry2.o ABSOLUTE
    ../clib/angel/rt.s                       0x00000000   Number         0  rt_raise.o ABSOLUTE
    ../clib/angel/scatter.s                  0x00000000   Number         0  __scatter.o ABSOLUTE
    ../clib/angel/startup.s                  0x00000000   Number         0  __main.o ABSOLUTE
    ../clib/angel/sys.s                      0x00000000   Number         0  indicate_semi.o ABSOLUTE
    ../clib/angel/sys.s                      0x00000000   Number         0  libspace.o ABSOLUTE
    ../clib/angel/sys.s                      0x00000000   Number         0  use_no_semi.o ABSOLUTE
    ../clib/angel/sys.s                      0x00000000   Number         0  sys_stackheap_outer.o ABSOLUTE
    ../clib/angel/sysapp.c                   0x00000000   Number         0  sys_wrch.o ABSOLUTE
    ../clib/angel/sysapp.c                   0x00000000   Number         0  sys_exit.o ABSOLUTE
    ../clib/angel/sysapp.c                   0x00000000   Number         0  sys_command.o ABSOLUTE
    ../clib/armsys.c                         0x00000000   Number         0  argv_veneer.o ABSOLUTE
    ../clib/armsys.c                         0x00000000   Number         0  no_argv.o ABSOLUTE
    ../clib/armsys.c                         0x00000000   Number         0  _get_argv_nomalloc.o ABSOLUTE
    ../clib/armsys.c                         0x00000000   Number         0  argv_veneer.o ABSOLUTE
    ../clib/heapalloc.c                      0x00000000   Number         0  hrguard.o ABSOLUTE
    ../clib/heapaux.c                        0x00000000   Number         0  heapauxi.o ABSOLUTE
    ../clib/libinit.s                        0x00000000   Number         0  libshutdown.o ABSOLUTE
    ../clib/libinit.s                        0x00000000   Number         0  libshutdown2.o ABSOLUTE
    ../clib/libinit.s                        0x00000000   Number         0  libinit2.o ABSOLUTE
    ../clib/libinit.s                        0x00000000   Number         0  libinit.o ABSOLUTE
    ../clib/signal.c                         0x00000000   Number         0  defsig_rtmem_outer.o ABSOLUTE
    ../clib/signal.c                         0x00000000   Number         0  defsig_general.o ABSOLUTE
    ../clib/signal.c                         0x00000000   Number         0  defsig_pvfn_inner.o ABSOLUTE
    ../clib/signal.c                         0x00000000   Number         0  defsig_stak_inner.o ABSOLUTE
    ../clib/signal.c                         0x00000000   Number         0  defsig_rtred_inner.o ABSOLUTE
    ../clib/signal.c                         0x00000000   Number         0  __raise.o ABSOLUTE
    ../clib/signal.c                         0x00000000   Number         0  defsig_rtmem_inner.o ABSOLUTE
    ../clib/signal.c                         0x00000000   Number         0  defsig_exit.o ABSOLUTE
    ../clib/signal.c                         0x00000000   Number         0  defsig_abrt_inner.o ABSOLUTE
    ../clib/signal.c                         0x00000000   Number         0  defsig_rtmem_formal.o ABSOLUTE
    ../clib/signal.c                         0x00000000   Number         0  defsig_fpe_inner.o ABSOLUTE
    ../clib/signal.c                         0x00000000   Number         0  defsig_cppl_inner.o ABSOLUTE
    ../clib/signal.c                         0x00000000   Number         0  defsig_segv_inner.o ABSOLUTE
    ../clib/signal.c                         0x00000000   Number         0  defsig_other.o ABSOLUTE
    ../clib/signal.s                         0x00000000   Number         0  defsig.o ABSOLUTE
    ../clib/stdlib.c                         0x00000000   Number         0  exit.o ABSOLUTE
    ../fplib/daddsub.s                       0x00000000   Number         0  daddsub_clz.o ABSOLUTE
    ../fplib/dfixu.s                         0x00000000   Number         0  dfixu.o ABSOLUTE
    ../fplib/dflt.s                          0x00000000   Number         0  dflt_clz.o ABSOLUTE
    ../fplib/dmul.s                          0x00000000   Number         0  dmul.o ABSOLUTE
    ../fplib/dnaninf.s                       0x00000000   Number         0  dnaninf.o ABSOLUTE
    ../fplib/dretinf.s                       0x00000000   Number         0  dretinf.o ABSOLUTE
    ../fplib/f2d.s                           0x00000000   Number         0  f2d.o ABSOLUTE
    ../fplib/faddsub.s                       0x00000000   Number         0  faddsub_clz.o ABSOLUTE
    ../fplib/fdiv.s                          0x00000000   Number         0  fdiv.o ABSOLUTE
    ../fplib/ffixu.s                         0x00000000   Number         0  ffixu.o ABSOLUTE
    ../fplib/fflt.s                          0x00000000   Number         0  fflt_clz.o ABSOLUTE
    ../fplib/fmul.s                          0x00000000   Number         0  fmul.o ABSOLUTE
    ../fplib/fnaninf.s                       0x00000000   Number         0  fnaninf.o ABSOLUTE
    ../fplib/fpinit.s                        0x00000000   Number         0  fpinit.o ABSOLUTE
    ../fplib/fretinf.s                       0x00000000   Number         0  fretinf.o ABSOLUTE
    ../fplib/usenofp.s                       0x00000000   Number         0  usenofp.o ABSOLUTE
    Hardware\ADC\ADC.c                       0x00000000   Number         0  adc.o ABSOLUTE
    Hardware\BEEP\BEEP.c                     0x00000000   Number         0  beep.o ABSOLUTE
    Hardware\Control\Control.c               0x00000000   Number         0  control.o ABSOLUTE
    Hardware\Key\Key.c                       0x00000000   Number         0  key.o ABSOLUTE
    Hardware\LCD\lcd.c                       0x00000000   Number         0  lcd.o ABSOLUTE
    Hardware\LED\LED.c                       0x00000000   Number         0  led.o ABSOLUTE
    Hardware\NRF24L01\NRF24L01.c             0x00000000   Number         0  nrf24l01.o ABSOLUTE
    Hardware\OLED\OLED.c                     0x00000000   Number         0  oled.o ABSOLUTE
    Library\misc.c                           0x00000000   Number         0  misc.o ABSOLUTE
    Library\stm32f10x_adc.c                  0x00000000   Number         0  stm32f10x_adc.o ABSOLUTE
    Library\stm32f10x_bkp.c                  0x00000000   Number         0  stm32f10x_bkp.o ABSOLUTE
    Library\stm32f10x_can.c                  0x00000000   Number         0  stm32f10x_can.o ABSOLUTE
    Library\stm32f10x_cec.c                  0x00000000   Number         0  stm32f10x_cec.o ABSOLUTE
    Library\stm32f10x_crc.c                  0x00000000   Number         0  stm32f10x_crc.o ABSOLUTE
    Library\stm32f10x_dac.c                  0x00000000   Number         0  stm32f10x_dac.o ABSOLUTE
    Library\stm32f10x_dbgmcu.c               0x00000000   Number         0  stm32f10x_dbgmcu.o ABSOLUTE
    Library\stm32f10x_dma.c                  0x00000000   Number         0  stm32f10x_dma.o ABSOLUTE
    Library\stm32f10x_exti.c                 0x00000000   Number         0  stm32f10x_exti.o ABSOLUTE
    Library\stm32f10x_flash.c                0x00000000   Number         0  stm32f10x_flash.o ABSOLUTE
    Library\stm32f10x_fsmc.c                 0x00000000   Number         0  stm32f10x_fsmc.o ABSOLUTE
    Library\stm32f10x_gpio.c                 0x00000000   Number         0  stm32f10x_gpio.o ABSOLUTE
    Library\stm32f10x_i2c.c                  0x00000000   Number         0  stm32f10x_i2c.o ABSOLUTE
    Library\stm32f10x_iwdg.c                 0x00000000   Number         0  stm32f10x_iwdg.o ABSOLUTE
    Library\stm32f10x_pwr.c                  0x00000000   Number         0  stm32f10x_pwr.o ABSOLUTE
    Library\stm32f10x_rcc.c                  0x00000000   Number         0  stm32f10x_rcc.o ABSOLUTE
    Library\stm32f10x_rtc.c                  0x00000000   Number         0  stm32f10x_rtc.o ABSOLUTE
    Library\stm32f10x_sdio.c                 0x00000000   Number         0  stm32f10x_sdio.o ABSOLUTE
    Library\stm32f10x_spi.c                  0x00000000   Number         0  stm32f10x_spi.o ABSOLUTE
    Library\stm32f10x_tim.c                  0x00000000   Number         0  stm32f10x_tim.o ABSOLUTE
    Library\stm32f10x_usart.c                0x00000000   Number         0  stm32f10x_usart.o ABSOLUTE
    Library\stm32f10x_wwdg.c                 0x00000000   Number         0  stm32f10x_wwdg.o ABSOLUTE
    Software\Delay\Delay.c                   0x00000000   Number         0  delay.o ABSOLUTE
    Software\Interrupt\Interrupt.c           0x00000000   Number         0  interrupt.o ABSOLUTE
    Software\SPI\SPI.c                       0x00000000   Number         0  spi.o ABSOLUTE
    Software\Timer\Timer.c                   0x00000000   Number         0  timer.o ABSOLUTE
    Software\USART\USART.c                   0x00000000   Number         0  usart.o ABSOLUTE
    Start\\core_cm3.c                        0x00000000   Number         0  core_cm3.o ABSOLUTE
    Start\core_cm3.c                         0x00000000   Number         0  core_cm3.o ABSOLUTE
    Start\startup_stm32f10x_ld.s             0x00000000   Number         0  startup_stm32f10x_ld.o ABSOLUTE
    Start\system_stm32f10x.c                 0x00000000   Number         0  system_stm32f10x.o ABSOLUTE
    User\main.c                              0x00000000   Number         0  main.o ABSOLUTE
    User\stm32f10x_it.c                      0x00000000   Number         0  stm32f10x_it.o ABSOLUTE
    dc.s                                     0x00000000   Number         0  dc.o ABSOLUTE
    RESET                                    0x08000000   Section      236  startup_stm32f10x_ld.o(RESET)
    !!!main                                  0x080000ec   Section        8  __main.o(!!!main)
    !!!scatter                               0x080000f4   Section       52  __scatter.o(!!!scatter)
    !!handler_copy                           0x08000128   Section       26  __scatter_copy.o(!!handler_copy)
    !!handler_zi                             0x08000144   Section       28  __scatter_zi.o(!!handler_zi)
    .ARM.Collect$$libinit$$00000000          0x08000160   Section        2  libinit.o(.ARM.Collect$$libinit$$00000000)
    .ARM.Collect$$libinit$$00000002          0x08000162   Section        0  libinit2.o(.ARM.Collect$$libinit$$00000002)
    .ARM.Collect$$libinit$$00000004          0x08000162   Section        0  libinit2.o(.ARM.Collect$$libinit$$00000004)
    .ARM.Collect$$libinit$$0000000A          0x08000162   Section        0  libinit2.o(.ARM.Collect$$libinit$$0000000A)
    .ARM.Collect$$libinit$$0000000C          0x08000162   Section        0  libinit2.o(.ARM.Collect$$libinit$$0000000C)
    .ARM.Collect$$libinit$$0000000E          0x08000162   Section        0  libinit2.o(.ARM.Collect$$libinit$$0000000E)
    .ARM.Collect$$libinit$$00000011          0x08000162   Section        0  libinit2.o(.ARM.Collect$$libinit$$00000011)
    .ARM.Collect$$libinit$$00000013          0x08000162   Section        0  libinit2.o(.ARM.Collect$$libinit$$00000013)
    .ARM.Collect$$libinit$$00000015          0x08000162   Section        0  libinit2.o(.ARM.Collect$$libinit$$00000015)
    .ARM.Collect$$libinit$$00000017          0x08000162   Section        0  libinit2.o(.ARM.Collect$$libinit$$00000017)
    .ARM.Collect$$libinit$$00000019          0x08000162   Section        0  libinit2.o(.ARM.Collect$$libinit$$00000019)
    .ARM.Collect$$libinit$$0000001B          0x08000162   Section        0  libinit2.o(.ARM.Collect$$libinit$$0000001B)
    .ARM.Collect$$libinit$$0000001D          0x08000162   Section        0  libinit2.o(.ARM.Collect$$libinit$$0000001D)
    .ARM.Collect$$libinit$$0000001F          0x08000162   Section        0  libinit2.o(.ARM.Collect$$libinit$$0000001F)
    .ARM.Collect$$libinit$$00000021          0x08000162   Section        0  libinit2.o(.ARM.Collect$$libinit$$00000021)
    .ARM.Collect$$libinit$$00000023          0x08000162   Section        0  libinit2.o(.ARM.Collect$$libinit$$00000023)
    .ARM.Collect$$libinit$$00000025          0x08000162   Section        0  libinit2.o(.ARM.Collect$$libinit$$00000025)
    .ARM.Collect$$libinit$$0000002C          0x08000162   Section        0  libinit2.o(.ARM.Collect$$libinit$$0000002C)
    .ARM.Collect$$libinit$$0000002E          0x08000162   Section        0  libinit2.o(.ARM.Collect$$libinit$$0000002E)
    .ARM.Collect$$libinit$$00000030          0x08000162   Section        0  libinit2.o(.ARM.Collect$$libinit$$00000030)
    .ARM.Collect$$libinit$$00000032          0x08000162   Section        0  libinit2.o(.ARM.Collect$$libinit$$00000032)
    .ARM.Collect$$libinit$$00000033          0x08000162   Section        2  libinit2.o(.ARM.Collect$$libinit$$00000033)
    .ARM.Collect$$libshutdown$$00000000      0x08000164   Section        2  libshutdown.o(.ARM.Collect$$libshutdown$$00000000)
    .ARM.Collect$$libshutdown$$00000002      0x08000166   Section        0  libshutdown2.o(.ARM.Collect$$libshutdown$$00000002)
    .ARM.Collect$$libshutdown$$00000004      0x08000166   Section        0  libshutdown2.o(.ARM.Collect$$libshutdown$$00000004)
    .ARM.Collect$$libshutdown$$00000007      0x08000166   Section        0  libshutdown2.o(.ARM.Collect$$libshutdown$$00000007)
    .ARM.Collect$$libshutdown$$0000000A      0x08000166   Section        0  libshutdown2.o(.ARM.Collect$$libshutdown$$0000000A)
    .ARM.Collect$$libshutdown$$0000000C      0x08000166   Section        0  libshutdown2.o(.ARM.Collect$$libshutdown$$0000000C)
    .ARM.Collect$$libshutdown$$0000000F      0x08000166   Section        0  libshutdown2.o(.ARM.Collect$$libshutdown$$0000000F)
    .ARM.Collect$$libshutdown$$00000010      0x08000166   Section        2  libshutdown2.o(.ARM.Collect$$libshutdown$$00000010)
    .ARM.Collect$$rtentry$$00000000          0x08000168   Section        0  __rtentry.o(.ARM.Collect$$rtentry$$00000000)
    .ARM.Collect$$rtentry$$00000002          0x08000168   Section        0  __rtentry2.o(.ARM.Collect$$rtentry$$00000002)
    .ARM.Collect$$rtentry$$00000004          0x08000168   Section        6  __rtentry4.o(.ARM.Collect$$rtentry$$00000004)
    .ARM.Collect$$rtentry$$00000009          0x0800016e   Section        0  __rtentry2.o(.ARM.Collect$$rtentry$$00000009)
    .ARM.Collect$$rtentry$$0000000A          0x0800016e   Section        4  __rtentry2.o(.ARM.Collect$$rtentry$$0000000A)
    .ARM.Collect$$rtentry$$0000000C          0x08000172   Section        0  __rtentry2.o(.ARM.Collect$$rtentry$$0000000C)
    .ARM.Collect$$rtentry$$0000000D          0x08000172   Section        8  __rtentry2.o(.ARM.Collect$$rtentry$$0000000D)
    .ARM.Collect$$rtexit$$00000000           0x0800017a   Section        2  rtexit.o(.ARM.Collect$$rtexit$$00000000)
    .ARM.Collect$$rtexit$$00000002           0x0800017c   Section        0  rtexit2.o(.ARM.Collect$$rtexit$$00000002)
    .ARM.Collect$$rtexit$$00000003           0x0800017c   Section        4  rtexit2.o(.ARM.Collect$$rtexit$$00000003)
    .ARM.Collect$$rtexit$$00000004           0x08000180   Section        6  rtexit2.o(.ARM.Collect$$rtexit$$00000004)
    .text                                    0x08000188   Section       64  startup_stm32f10x_ld.o(.text)
    .text                                    0x080001c8   Section        0  heapauxi.o(.text)
    .text                                    0x080001ce   Section       74  sys_stackheap_outer.o(.text)
    .text                                    0x08000218   Section        0  exit.o(.text)
    .text                                    0x0800022c   Section        8  libspace.o(.text)
    .text                                    0x08000234   Section        0  sys_exit.o(.text)
    .text                                    0x08000240   Section        2  use_no_semi.o(.text)
    .text                                    0x08000242   Section        0  indicate_semi.o(.text)
    i.ADC1_Calibrate                         0x08000244   Section        0  adc.o(i.ADC1_Calibrate)
    i.ADC1_In_Init                           0x08000294   Section        0  adc.o(i.ADC1_In_Init)
    i.ADC1_Init                              0x08000314   Section        0  adc.o(i.ADC1_Init)
    i.ADC1_Start                             0x0800032c   Section        0  adc.o(i.ADC1_Start)
    i.ADC_Cmd                                0x08000338   Section        0  stm32f10x_adc.o(i.ADC_Cmd)
    i.ADC_DMA1_1_Init                        0x08000350   Section        0  adc.o(i.ADC_DMA1_1_Init)
    i.ADC_DMACmd                             0x080003b4   Section        0  stm32f10x_adc.o(i.ADC_DMACmd)
    i.ADC_GPIO_Init                          0x080003cc   Section        0  adc.o(i.ADC_GPIO_Init)
    i.ADC_GetCalibrationStatus               0x080003f8   Section        0  stm32f10x_adc.o(i.ADC_GetCalibrationStatus)
    i.ADC_GetResetCalibrationStatus          0x08000406   Section        0  stm32f10x_adc.o(i.ADC_GetResetCalibrationStatus)
    i.ADC_Init                               0x08000414   Section        0  stm32f10x_adc.o(i.ADC_Init)
    i.ADC_RegularChannelConfig               0x0800045c   Section        0  stm32f10x_adc.o(i.ADC_RegularChannelConfig)
    i.ADC_ResetCalibration                   0x080004d0   Section        0  stm32f10x_adc.o(i.ADC_ResetCalibration)
    i.ADC_SoftwareStartConvCmd               0x080004da   Section        0  stm32f10x_adc.o(i.ADC_SoftwareStartConvCmd)
    i.ADC_StartCalibration                   0x080004f2   Section        0  stm32f10x_adc.o(i.ADC_StartCalibration)
    i.BEEP_Init                              0x080004fc   Section        0  beep.o(i.BEEP_Init)
    i.BEEP_State                             0x08000530   Section        0  beep.o(i.BEEP_State)
    i.BusFault_Handler                       0x0800054c   Section        0  stm32f10x_it.o(i.BusFault_Handler)
    i.Compute_AD_Final_Value                 0x08000550   Section        0  adc.o(i.Compute_AD_Final_Value)
    i.Control                                0x080005a0   Section        0  control.o(i.Control)
    i.DMA_Cmd                                0x08000604   Section        0  stm32f10x_dma.o(i.DMA_Cmd)
    i.DMA_Init                               0x0800061e   Section        0  stm32f10x_dma.o(i.DMA_Init)
    i.DebugMon_Handler                       0x08000658   Section        0  stm32f10x_it.o(i.DebugMon_Handler)
    i.Delay_us                               0x0800065a   Section        0  delay.o(i.Delay_us)
    i.EALED_State                            0x0800067c   Section        0  led.o(i.EALED_State)
    i.EN_AA_LED_State                        0x0800069c   Section        0  led.o(i.EN_AA_LED_State)
    i.EXTI1_IRQHandler                       0x080006bc   Section        0  interrupt.o(i.EXTI1_IRQHandler)
    i.EXTI_ClearITPendingBit                 0x08000730   Section        0  stm32f10x_exti.o(i.EXTI_ClearITPendingBit)
    i.EXTI_Init                              0x0800073c   Section        0  stm32f10x_exti.o(i.EXTI_Init)
    i.GPIO_EXTILineConfig                    0x080007b0   Section        0  stm32f10x_gpio.o(i.GPIO_EXTILineConfig)
    i.GPIO_Init                              0x080007d8   Section        0  stm32f10x_gpio.o(i.GPIO_Init)
    i.GPIO_ReadInputDataBit                  0x0800087e   Section        0  stm32f10x_gpio.o(i.GPIO_ReadInputDataBit)
    i.GPIO_ResetBits                         0x0800088c   Section        0  stm32f10x_gpio.o(i.GPIO_ResetBits)
    i.GPIO_SetBits                           0x08000890   Section        0  stm32f10x_gpio.o(i.GPIO_SetBits)
    i.GPIO_WriteBit                          0x08000894   Section        0  stm32f10x_gpio.o(i.GPIO_WriteBit)
    i.HardFault_Handler                      0x080008a0   Section        0  stm32f10x_it.o(i.HardFault_Handler)
    i.Interrupt_Init                         0x080008a2   Section        0  interrupt.o(i.Interrupt_Init)
    i.Key_Init                               0x080008c0   Section        0  key.o(i.Key_Init)
    i.LED_Init                               0x080008ec   Section        0  led.o(i.LED_Init)
    i.MemManage_Handler                      0x0800094c   Section        0  stm32f10x_it.o(i.MemManage_Handler)
    i.NMI_Handler                            0x0800094e   Section        0  stm32f10x_it.o(i.NMI_Handler)
    i.NRF24L01_GPIO_Init                     0x08000950   Section        0  nrf24l01.o(i.NRF24L01_GPIO_Init)
    i.NRF24L01_Init                          0x080009c4   Section        0  nrf24l01.o(i.NRF24L01_Init)
    i.NRF24L01_Interrupt_Init                0x08000a64   Section        0  nrf24l01.o(i.NRF24L01_Interrupt_Init)
    i.NRF24L01_R_Data                        0x08000ab0   Section        0  nrf24l01.o(i.NRF24L01_R_Data)
    i.NRF24L01_R_Data_More                   0x08000ae4   Section        0  nrf24l01.o(i.NRF24L01_R_Data_More)
    i.NRF24L01_Read_STATUS                   0x08000b2c   Section        0  nrf24l01.o(i.NRF24L01_Read_STATUS)
    i.NRF24L01_Receive_Data                  0x08000b58   Section        0  nrf24l01.o(i.NRF24L01_Receive_Data)
    i.NRF24L01_Send_Data                     0x08000b7c   Section        0  nrf24l01.o(i.NRF24L01_Send_Data)
    i.NRF24L01_Send_Error                    0x08000bbc   Section        0  nrf24l01.o(i.NRF24L01_Send_Error)
    i.NRF24L01_Send_OK                       0x08000bf4   Section        0  nrf24l01.o(i.NRF24L01_Send_OK)
    i.NRF24L01_W_Data                        0x08000c2c   Section        0  nrf24l01.o(i.NRF24L01_W_Data)
    i.NRF24L01_W_Data_More                   0x08000c64   Section        0  nrf24l01.o(i.NRF24L01_W_Data_More)
    i.NVIC_Init                              0x08000cac   Section        0  misc.o(i.NVIC_Init)
    i.NVIC_PriorityGroupConfig               0x08000d10   Section        0  misc.o(i.NVIC_PriorityGroupConfig)
    i.PWM_Set_M_value                        0x08000d24   Section        0  control.o(i.PWM_Set_M_value)
    i.PWM_Set_S_value                        0x08000d64   Section        0  control.o(i.PWM_Set_S_value)
    i.PendSV_Handler                         0x08000e64   Section        0  stm32f10x_it.o(i.PendSV_Handler)
    i.RCC_ADCCLKConfig                       0x08000e68   Section        0  stm32f10x_rcc.o(i.RCC_ADCCLKConfig)
    i.RCC_AHBPeriphClockCmd                  0x08000e7c   Section        0  stm32f10x_rcc.o(i.RCC_AHBPeriphClockCmd)
    i.RCC_APB1PeriphClockCmd                 0x08000e98   Section        0  stm32f10x_rcc.o(i.RCC_APB1PeriphClockCmd)
    i.RCC_APB2PeriphClockCmd                 0x08000eb4   Section        0  stm32f10x_rcc.o(i.RCC_APB2PeriphClockCmd)
    i.RCC_GetClocksFreq                      0x08000ed0   Section        0  stm32f10x_rcc.o(i.RCC_GetClocksFreq)
    i.RunLED_State                           0x08000f7c   Section        0  led.o(i.RunLED_State)
    i.SPI1_GPIO_Init                         0x08000f9c   Section        0  spi.o(i.SPI1_GPIO_Init)
    i.SPI1_Init                              0x08000fdc   Section        0  spi.o(i.SPI1_Init)
    i.SPI1_SwapByte                          0x08001038   Section        0  spi.o(i.SPI1_SwapByte)
    i.SPI_Cmd                                0x0800106c   Section        0  stm32f10x_spi.o(i.SPI_Cmd)
    i.SPI_I2S_GetFlagStatus                  0x08001084   Section        0  stm32f10x_spi.o(i.SPI_I2S_GetFlagStatus)
    i.SPI_I2S_ReceiveData                    0x08001092   Section        0  stm32f10x_spi.o(i.SPI_I2S_ReceiveData)
    i.SPI_I2S_SendData                       0x08001096   Section        0  stm32f10x_spi.o(i.SPI_I2S_SendData)
    i.SPI_Init                               0x0800109a   Section        0  stm32f10x_spi.o(i.SPI_Init)
    i.SVC_Handler                            0x080010d2   Section        0  stm32f10x_it.o(i.SVC_Handler)
    i.SetSysClock                            0x080010d4   Section        0  system_stm32f10x.o(i.SetSysClock)
    SetSysClock                              0x080010d5   Thumb Code     4  system_stm32f10x.o(i.SetSysClock)
    i.SetSysClockTo72                        0x080010d8   Section        0  system_stm32f10x.o(i.SetSysClockTo72)
    SetSysClockTo72                          0x080010d9   Thumb Code   166  system_stm32f10x.o(i.SetSysClockTo72)
    i.SysTick_Handler                        0x08001188   Section        0  stm32f10x_it.o(i.SysTick_Handler)
    i.SystemInit                             0x0800118c   Section        0  system_stm32f10x.o(i.SystemInit)
    i.TEST_Motor_Control                     0x080011dc   Section        0  key.o(i.TEST_Motor_Control)
    i.TIM3_IRQHandler                        0x080011e8   Section        0  interrupt.o(i.TIM3_IRQHandler)
    i.TIM3_Init                              0x080012a0   Section        0  timer.o(i.TIM3_Init)
    i.TIM3_Interrupt_Init                    0x080012e4   Section        0  timer.o(i.TIM3_Interrupt_Init)
    i.TIM_ClearITPendingBit                  0x08001320   Section        0  stm32f10x_tim.o(i.TIM_ClearITPendingBit)
    i.TIM_Cmd                                0x08001326   Section        0  stm32f10x_tim.o(i.TIM_Cmd)
    i.TIM_ITConfig                           0x0800133e   Section        0  stm32f10x_tim.o(i.TIM_ITConfig)
    i.TIM_InternalClockConfig                0x08001352   Section        0  stm32f10x_tim.o(i.TIM_InternalClockConfig)
    i.TIM_TimeBaseInit                       0x0800135c   Section        0  stm32f10x_tim.o(i.TIM_TimeBaseInit)
    i.USART1_GPIO_Init                       0x080013f8   Section        0  usart.o(i.USART1_GPIO_Init)
    i.USART1_Init                            0x0800143c   Section        0  usart.o(i.USART1_Init)
    i.USART1_SendByte                        0x08001480   Section        0  usart.o(i.USART1_SendByte)
    i.USART1_SendPacket                      0x080014a0   Section        0  usart.o(i.USART1_SendPacket)
    i.USART_Cmd                              0x080014ca   Section        0  stm32f10x_usart.o(i.USART_Cmd)
    i.USART_GetFlagStatus                    0x080014e2   Section        0  stm32f10x_usart.o(i.USART_GetFlagStatus)
    i.USART_Init                             0x080014f0   Section        0  stm32f10x_usart.o(i.USART_Init)
    i.USART_SendData                         0x080015ac   Section        0  stm32f10x_usart.o(i.USART_SendData)
    i.UsageFault_Handler                     0x080015b4   Section        0  stm32f10x_it.o(i.UsageFault_Handler)
    i.exponential_moving_average             0x080015b6   Section        0  adc.o(i.exponential_moving_average)
    i.main                                   0x08001624   Section        0  main.o(i.main)
    x$fpl$dadd                               0x080016b4   Section      336  daddsub_clz.o(x$fpl$dadd)
    _dadd1                                   0x080016c5   Thumb Code     0  daddsub_clz.o(x$fpl$dadd)
    x$fpl$dfixu                              0x08001804   Section       90  dfixu.o(x$fpl$dfixu)
    x$fpl$dfltu                              0x0800185e   Section       38  dflt_clz.o(x$fpl$dfltu)
    x$fpl$dmul                               0x08001884   Section      340  dmul.o(x$fpl$dmul)
    x$fpl$dnaninf                            0x080019d8   Section      156  dnaninf.o(x$fpl$dnaninf)
    x$fpl$dretinf                            0x08001a74   Section       12  dretinf.o(x$fpl$dretinf)
    x$fpl$dsub                               0x08001a80   Section      468  daddsub_clz.o(x$fpl$dsub)
    _dsub1                                   0x08001a91   Thumb Code     0  daddsub_clz.o(x$fpl$dsub)
    x$fpl$f2d                                0x08001c54   Section       86  f2d.o(x$fpl$f2d)
    x$fpl$fadd                               0x08001cac   Section      196  faddsub_clz.o(x$fpl$fadd)
    _fadd1                                   0x08001cbb   Thumb Code     0  faddsub_clz.o(x$fpl$fadd)
    x$fpl$fdiv                               0x08001d70   Section      388  fdiv.o(x$fpl$fdiv)
    _fdiv1                                   0x08001d71   Thumb Code     0  fdiv.o(x$fpl$fdiv)
    x$fpl$ffixu                              0x08001ef4   Section       62  ffixu.o(x$fpl$ffixu)
    x$fpl$ffltu                              0x08001f34   Section       38  fflt_clz.o(x$fpl$ffltu)
    x$fpl$fmul                               0x08001f5c   Section      258  fmul.o(x$fpl$fmul)
    x$fpl$fnaninf                            0x0800205e   Section      140  fnaninf.o(x$fpl$fnaninf)
    x$fpl$fretinf                            0x080020ea   Section       10  fretinf.o(x$fpl$fretinf)
    x$fpl$frsb                               0x080020f4   Section       20  faddsub_clz.o(x$fpl$frsb)
    x$fpl$fsub                               0x08002108   Section      234  faddsub_clz.o(x$fpl$fsub)
    _fsub1                                   0x08002117   Thumb Code     0  faddsub_clz.o(x$fpl$fsub)
    .constdata                               0x080021f2   Section       10  nrf24l01.o(.constdata)
    x$fpl$usenofp                            0x080021f2   Section        0  usenofp.o(x$fpl$usenofp)
    .data                                    0x20000000   Section       20  stm32f10x_rcc.o(.data)
    ADCPrescTable                            0x20000000   Data           4  stm32f10x_rcc.o(.data)
    APBAHBPrescTable                         0x20000004   Data          16  stm32f10x_rcc.o(.data)
    .data                                    0x20000014   Section        1  main.o(.data)
    .data                                    0x20000015   Section        2  interrupt.o(.data)
    LED_Time                                 0x20000015   Data           1  interrupt.o(.data)
    BEEP_Time                                0x20000016   Data           1  interrupt.o(.data)
    .data                                    0x20000018   Section        8  adc.o(.data)
    .data                                    0x20000020   Section        1  nrf24l01.o(.data)
    .data                                    0x20000021   Section        1  control.o(.data)
    Motor_State                              0x20000021   Data           1  control.o(.data)
    .bss                                     0x20000024   Section       80  adc.o(.bss)
    .bss                                     0x20000074   Section       44  control.o(.bss)
    .bss                                     0x200000a0   Section       96  libspace.o(.bss)
    HEAP                                     0x20000100   Section      512  startup_stm32f10x_ld.o(HEAP)
    Heap_Mem                                 0x20000100   Data         512  startup_stm32f10x_ld.o(HEAP)
    STACK                                    0x20000300   Section     1024  startup_stm32f10x_ld.o(STACK)
    Stack_Mem                                0x20000300   Data        1024  startup_stm32f10x_ld.o(STACK)
    __initial_sp                             0x20000700   Data           0  startup_stm32f10x_ld.o(STACK)

    Global Symbols

    Symbol Name                              Value     Ov Type        Size  Object(Section)

    BuildAttributes$$THM_ISAv4$P$D$K$B$S$PE$A:L22UL41UL21$X:L11$S22US41US21$IEEE1$IW$USESV6$~STKCKD$USESV7$~SHL$OSPACE$ROPI$EBA8$UX$STANDARDLIB$REQ8$PRES8$EABIv2 0x00000000   Number         0  anon$$obj.o ABSOLUTE
    __ARM_use_no_argv                        0x00000000   Number         0  main.o ABSOLUTE
    __ARM_exceptions_init                     - Undefined Weak Reference
    __alloca_initialize                       - Undefined Weak Reference
    __arm_preinit_                            - Undefined Weak Reference
    __cpp_initialize__aeabi_                  - Undefined Weak Reference
    __cxa_finalize                            - Undefined Weak Reference
    __rt_locale                               - Undefined Weak Reference
    __sigvec_lookup                           - Undefined Weak Reference
    _atexit_init                              - Undefined Weak Reference
    _call_atexit_fns                          - Undefined Weak Reference
    _clock_init                               - Undefined Weak Reference
    _fp_trap_init                             - Undefined Weak Reference
    _fp_trap_shutdown                         - Undefined Weak Reference
    _get_lc_collate                           - Undefined Weak Reference
    _get_lc_ctype                             - Undefined Weak Reference
    _get_lc_monetary                          - Undefined Weak Reference
    _get_lc_numeric                           - Undefined Weak Reference
    _get_lc_time                              - Undefined Weak Reference
    _getenv_init                              - Undefined Weak Reference
    _handle_redirection                       - Undefined Weak Reference
    _init_alloc                               - Undefined Weak Reference
    _init_user_alloc                          - Undefined Weak Reference
    _initio                                   - Undefined Weak Reference
    _rand_init                                - Undefined Weak Reference
    _signal_finish                            - Undefined Weak Reference
    _signal_init                              - Undefined Weak Reference
    _terminate_alloc                          - Undefined Weak Reference
    _terminate_user_alloc                     - Undefined Weak Reference
    _terminateio                              - Undefined Weak Reference
    __Vectors_Size                           0x000000ec   Number         0  startup_stm32f10x_ld.o ABSOLUTE
    __Vectors                                0x08000000   Data           4  startup_stm32f10x_ld.o(RESET)
    __Vectors_End                            0x080000ec   Data           0  startup_stm32f10x_ld.o(RESET)
    __main                                   0x080000ed   Thumb Code     8  __main.o(!!!main)
    __scatterload                            0x080000f5   Thumb Code     0  __scatter.o(!!!scatter)
    __scatterload_rt2                        0x080000f5   Thumb Code    44  __scatter.o(!!!scatter)
    __scatterload_rt2_thumb_only             0x080000f5   Thumb Code     0  __scatter.o(!!!scatter)
    __scatterload_null                       0x08000103   Thumb Code     0  __scatter.o(!!!scatter)
    __scatterload_copy                       0x08000129   Thumb Code    26  __scatter_copy.o(!!handler_copy)
    __scatterload_zeroinit                   0x08000145   Thumb Code    28  __scatter_zi.o(!!handler_zi)
    __rt_lib_init                            0x08000161   Thumb Code     0  libinit.o(.ARM.Collect$$libinit$$00000000)
    __rt_lib_init_alloca_1                   0x08000163   Thumb Code     0  libinit2.o(.ARM.Collect$$libinit$$0000002E)
    __rt_lib_init_argv_1                     0x08000163   Thumb Code     0  libinit2.o(.ARM.Collect$$libinit$$0000002C)
    __rt_lib_init_atexit_1                   0x08000163   Thumb Code     0  libinit2.o(.ARM.Collect$$libinit$$0000001B)
    __rt_lib_init_clock_1                    0x08000163   Thumb Code     0  libinit2.o(.ARM.Collect$$libinit$$00000021)
    __rt_lib_init_cpp_1                      0x08000163   Thumb Code     0  libinit2.o(.ARM.Collect$$libinit$$00000032)
    __rt_lib_init_exceptions_1               0x08000163   Thumb Code     0  libinit2.o(.ARM.Collect$$libinit$$00000030)
    __rt_lib_init_fp_1                       0x08000163   Thumb Code     0  libinit2.o(.ARM.Collect$$libinit$$00000002)
    __rt_lib_init_fp_trap_1                  0x08000163   Thumb Code     0  libinit2.o(.ARM.Collect$$libinit$$0000001F)
    __rt_lib_init_getenv_1                   0x08000163   Thumb Code     0  libinit2.o(.ARM.Collect$$libinit$$00000023)
    __rt_lib_init_heap_1                     0x08000163   Thumb Code     0  libinit2.o(.ARM.Collect$$libinit$$0000000A)
    __rt_lib_init_lc_collate_1               0x08000163   Thumb Code     0  libinit2.o(.ARM.Collect$$libinit$$00000011)
    __rt_lib_init_lc_ctype_1                 0x08000163   Thumb Code     0  libinit2.o(.ARM.Collect$$libinit$$00000013)
    __rt_lib_init_lc_monetary_1              0x08000163   Thumb Code     0  libinit2.o(.ARM.Collect$$libinit$$00000015)
    __rt_lib_init_lc_numeric_1               0x08000163   Thumb Code     0  libinit2.o(.ARM.Collect$$libinit$$00000017)
    __rt_lib_init_lc_time_1                  0x08000163   Thumb Code     0  libinit2.o(.ARM.Collect$$libinit$$00000019)
    __rt_lib_init_preinit_1                  0x08000163   Thumb Code     0  libinit2.o(.ARM.Collect$$libinit$$00000004)
    __rt_lib_init_rand_1                     0x08000163   Thumb Code     0  libinit2.o(.ARM.Collect$$libinit$$0000000E)
    __rt_lib_init_return                     0x08000163   Thumb Code     0  libinit2.o(.ARM.Collect$$libinit$$00000033)
    __rt_lib_init_signal_1                   0x08000163   Thumb Code     0  libinit2.o(.ARM.Collect$$libinit$$0000001D)
    __rt_lib_init_stdio_1                    0x08000163   Thumb Code     0  libinit2.o(.ARM.Collect$$libinit$$00000025)
    __rt_lib_init_user_alloc_1               0x08000163   Thumb Code     0  libinit2.o(.ARM.Collect$$libinit$$0000000C)
    __rt_lib_shutdown                        0x08000165   Thumb Code     0  libshutdown.o(.ARM.Collect$$libshutdown$$00000000)
    __rt_lib_shutdown_cpp_1                  0x08000167   Thumb Code     0  libshutdown2.o(.ARM.Collect$$libshutdown$$00000002)
    __rt_lib_shutdown_fp_trap_1              0x08000167   Thumb Code     0  libshutdown2.o(.ARM.Collect$$libshutdown$$00000007)
    __rt_lib_shutdown_heap_1                 0x08000167   Thumb Code     0  libshutdown2.o(.ARM.Collect$$libshutdown$$0000000F)
    __rt_lib_shutdown_return                 0x08000167   Thumb Code     0  libshutdown2.o(.ARM.Collect$$libshutdown$$00000010)
    __rt_lib_shutdown_signal_1               0x08000167   Thumb Code     0  libshutdown2.o(.ARM.Collect$$libshutdown$$0000000A)
    __rt_lib_shutdown_stdio_1                0x08000167   Thumb Code     0  libshutdown2.o(.ARM.Collect$$libshutdown$$00000004)
    __rt_lib_shutdown_user_alloc_1           0x08000167   Thumb Code     0  libshutdown2.o(.ARM.Collect$$libshutdown$$0000000C)
    __rt_entry                               0x08000169   Thumb Code     0  __rtentry.o(.ARM.Collect$$rtentry$$00000000)
    __rt_entry_presh_1                       0x08000169   Thumb Code     0  __rtentry2.o(.ARM.Collect$$rtentry$$00000002)
    __rt_entry_sh                            0x08000169   Thumb Code     0  __rtentry4.o(.ARM.Collect$$rtentry$$00000004)
    __rt_entry_li                            0x0800016f   Thumb Code     0  __rtentry2.o(.ARM.Collect$$rtentry$$0000000A)
    __rt_entry_postsh_1                      0x0800016f   Thumb Code     0  __rtentry2.o(.ARM.Collect$$rtentry$$00000009)
    __rt_entry_main                          0x08000173   Thumb Code     0  __rtentry2.o(.ARM.Collect$$rtentry$$0000000D)
    __rt_entry_postli_1                      0x08000173   Thumb Code     0  __rtentry2.o(.ARM.Collect$$rtentry$$0000000C)
    __rt_exit                                0x0800017b   Thumb Code     0  rtexit.o(.ARM.Collect$$rtexit$$00000000)
    __rt_exit_ls                             0x0800017d   Thumb Code     0  rtexit2.o(.ARM.Collect$$rtexit$$00000003)
    __rt_exit_prels_1                        0x0800017d   Thumb Code     0  rtexit2.o(.ARM.Collect$$rtexit$$00000002)
    __rt_exit_exit                           0x08000181   Thumb Code     0  rtexit2.o(.ARM.Collect$$rtexit$$00000004)
    Reset_Handler                            0x08000189   Thumb Code     8  startup_stm32f10x_ld.o(.text)
    ADC1_2_IRQHandler                        0x080001a3   Thumb Code     0  startup_stm32f10x_ld.o(.text)
    CAN1_RX1_IRQHandler                      0x080001a3   Thumb Code     0  startup_stm32f10x_ld.o(.text)
    CAN1_SCE_IRQHandler                      0x080001a3   Thumb Code     0  startup_stm32f10x_ld.o(.text)
    DMA1_Channel1_IRQHandler                 0x080001a3   Thumb Code     0  startup_stm32f10x_ld.o(.text)
    DMA1_Channel2_IRQHandler                 0x080001a3   Thumb Code     0  startup_stm32f10x_ld.o(.text)
    DMA1_Channel3_IRQHandler                 0x080001a3   Thumb Code     0  startup_stm32f10x_ld.o(.text)
    DMA1_Channel4_IRQHandler                 0x080001a3   Thumb Code     0  startup_stm32f10x_ld.o(.text)
    DMA1_Channel5_IRQHandler                 0x080001a3   Thumb Code     0  startup_stm32f10x_ld.o(.text)
    DMA1_Channel6_IRQHandler                 0x080001a3   Thumb Code     0  startup_stm32f10x_ld.o(.text)
    DMA1_Channel7_IRQHandler                 0x080001a3   Thumb Code     0  startup_stm32f10x_ld.o(.text)
    EXTI0_IRQHandler                         0x080001a3   Thumb Code     0  startup_stm32f10x_ld.o(.text)
    EXTI15_10_IRQHandler                     0x080001a3   Thumb Code     0  startup_stm32f10x_ld.o(.text)
    EXTI2_IRQHandler                         0x080001a3   Thumb Code     0  startup_stm32f10x_ld.o(.text)
    EXTI3_IRQHandler                         0x080001a3   Thumb Code     0  startup_stm32f10x_ld.o(.text)
    EXTI4_IRQHandler                         0x080001a3   Thumb Code     0  startup_stm32f10x_ld.o(.text)
    EXTI9_5_IRQHandler                       0x080001a3   Thumb Code     0  startup_stm32f10x_ld.o(.text)
    FLASH_IRQHandler                         0x080001a3   Thumb Code     0  startup_stm32f10x_ld.o(.text)
    I2C1_ER_IRQHandler                       0x080001a3   Thumb Code     0  startup_stm32f10x_ld.o(.text)
    I2C1_EV_IRQHandler                       0x080001a3   Thumb Code     0  startup_stm32f10x_ld.o(.text)
    PVD_IRQHandler                           0x080001a3   Thumb Code     0  startup_stm32f10x_ld.o(.text)
    RCC_IRQHandler                           0x080001a3   Thumb Code     0  startup_stm32f10x_ld.o(.text)
    RTCAlarm_IRQHandler                      0x080001a3   Thumb Code     0  startup_stm32f10x_ld.o(.text)
    RTC_IRQHandler                           0x080001a3   Thumb Code     0  startup_stm32f10x_ld.o(.text)
    SPI1_IRQHandler                          0x080001a3   Thumb Code     0  startup_stm32f10x_ld.o(.text)
    TAMPER_IRQHandler                        0x080001a3   Thumb Code     0  startup_stm32f10x_ld.o(.text)
    TIM1_BRK_IRQHandler                      0x080001a3   Thumb Code     0  startup_stm32f10x_ld.o(.text)
    TIM1_CC_IRQHandler                       0x080001a3   Thumb Code     0  startup_stm32f10x_ld.o(.text)
    TIM1_TRG_COM_IRQHandler                  0x080001a3   Thumb Code     0  startup_stm32f10x_ld.o(.text)
    TIM1_UP_IRQHandler                       0x080001a3   Thumb Code     0  startup_stm32f10x_ld.o(.text)
    TIM2_IRQHandler                          0x080001a3   Thumb Code     0  startup_stm32f10x_ld.o(.text)
    USART1_IRQHandler                        0x080001a3   Thumb Code     0  startup_stm32f10x_ld.o(.text)
    USART2_IRQHandler                        0x080001a3   Thumb Code     0  startup_stm32f10x_ld.o(.text)
    USBWakeUp_IRQHandler                     0x080001a3   Thumb Code     0  startup_stm32f10x_ld.o(.text)
    USB_HP_CAN1_TX_IRQHandler                0x080001a3   Thumb Code     0  startup_stm32f10x_ld.o(.text)
    USB_LP_CAN1_RX0_IRQHandler               0x080001a3   Thumb Code     0  startup_stm32f10x_ld.o(.text)
    WWDG_IRQHandler                          0x080001a3   Thumb Code     0  startup_stm32f10x_ld.o(.text)
    __user_initial_stackheap                 0x080001a5   Thumb Code     0  startup_stm32f10x_ld.o(.text)
    __use_two_region_memory                  0x080001c9   Thumb Code     2  heapauxi.o(.text)
    __rt_heap_escrow$2region                 0x080001cb   Thumb Code     2  heapauxi.o(.text)
    __rt_heap_expand$2region                 0x080001cd   Thumb Code     2  heapauxi.o(.text)
    __user_setup_stackheap                   0x080001cf   Thumb Code    74  sys_stackheap_outer.o(.text)
    exit                                     0x08000219   Thumb Code    18  exit.o(.text)
    __user_libspace                          0x0800022d   Thumb Code     8  libspace.o(.text)
    __user_perproc_libspace                  0x0800022d   Thumb Code     0  libspace.o(.text)
    __user_perthread_libspace                0x0800022d   Thumb Code     0  libspace.o(.text)
    _sys_exit                                0x08000235   Thumb Code     8  sys_exit.o(.text)
    __I$use$semihosting                      0x08000241   Thumb Code     0  use_no_semi.o(.text)
    __use_no_semihosting_swi                 0x08000241   Thumb Code     2  use_no_semi.o(.text)
    __semihosting_library_function           0x08000243   Thumb Code     0  indicate_semi.o(.text)
    ADC1_Calibrate                           0x08000245   Thumb Code    76  adc.o(i.ADC1_Calibrate)
    ADC1_In_Init                             0x08000295   Thumb Code   122  adc.o(i.ADC1_In_Init)
    ADC1_Init                                0x08000315   Thumb Code    22  adc.o(i.ADC1_Init)
    ADC1_Start                               0x0800032d   Thumb Code     8  adc.o(i.ADC1_Start)
    ADC_Cmd                                  0x08000339   Thumb Code    24  stm32f10x_adc.o(i.ADC_Cmd)
    ADC_DMA1_1_Init                          0x08000351   Thumb Code    86  adc.o(i.ADC_DMA1_1_Init)
    ADC_DMACmd                               0x080003b5   Thumb Code    24  stm32f10x_adc.o(i.ADC_DMACmd)
    ADC_GPIO_Init                            0x080003cd   Thumb Code    38  adc.o(i.ADC_GPIO_Init)
    ADC_GetCalibrationStatus                 0x080003f9   Thumb Code    14  stm32f10x_adc.o(i.ADC_GetCalibrationStatus)
    ADC_GetResetCalibrationStatus            0x08000407   Thumb Code    14  stm32f10x_adc.o(i.ADC_GetResetCalibrationStatus)
    ADC_Init                                 0x08000415   Thumb Code    62  stm32f10x_adc.o(i.ADC_Init)
    ADC_RegularChannelConfig                 0x0800045d   Thumb Code   116  stm32f10x_adc.o(i.ADC_RegularChannelConfig)
    ADC_ResetCalibration                     0x080004d1   Thumb Code    10  stm32f10x_adc.o(i.ADC_ResetCalibration)
    ADC_SoftwareStartConvCmd                 0x080004db   Thumb Code    24  stm32f10x_adc.o(i.ADC_SoftwareStartConvCmd)
    ADC_StartCalibration                     0x080004f3   Thumb Code    10  stm32f10x_adc.o(i.ADC_StartCalibration)
    BEEP_Init                                0x080004fd   Thumb Code    48  beep.o(i.BEEP_Init)
    BEEP_State                               0x08000531   Thumb Code    22  beep.o(i.BEEP_State)
    BusFault_Handler                         0x0800054d   Thumb Code     2  stm32f10x_it.o(i.BusFault_Handler)
    Compute_AD_Final_Value                   0x08000551   Thumb Code    66  adc.o(i.Compute_AD_Final_Value)
    Control                                  0x080005a1   Thumb Code    88  control.o(i.Control)
    DMA_Cmd                                  0x08000605   Thumb Code    26  stm32f10x_dma.o(i.DMA_Cmd)
    DMA_Init                                 0x0800061f   Thumb Code    58  stm32f10x_dma.o(i.DMA_Init)
    DebugMon_Handler                         0x08000659   Thumb Code     2  stm32f10x_it.o(i.DebugMon_Handler)
    Delay_us                                 0x0800065b   Thumb Code    32  delay.o(i.Delay_us)
    EALED_State                              0x0800067d   Thumb Code    26  led.o(i.EALED_State)
    EN_AA_LED_State                          0x0800069d   Thumb Code    26  led.o(i.EN_AA_LED_State)
    EXTI1_IRQHandler                         0x080006bd   Thumb Code   106  interrupt.o(i.EXTI1_IRQHandler)
    EXTI_ClearITPendingBit                   0x08000731   Thumb Code     6  stm32f10x_exti.o(i.EXTI_ClearITPendingBit)
    EXTI_Init                                0x0800073d   Thumb Code   110  stm32f10x_exti.o(i.EXTI_Init)
    GPIO_EXTILineConfig                      0x080007b1   Thumb Code    34  stm32f10x_gpio.o(i.GPIO_EXTILineConfig)
    GPIO_Init                                0x080007d9   Thumb Code   166  stm32f10x_gpio.o(i.GPIO_Init)
    GPIO_ReadInputDataBit                    0x0800087f   Thumb Code    14  stm32f10x_gpio.o(i.GPIO_ReadInputDataBit)
    GPIO_ResetBits                           0x0800088d   Thumb Code     4  stm32f10x_gpio.o(i.GPIO_ResetBits)
    GPIO_SetBits                             0x08000891   Thumb Code     4  stm32f10x_gpio.o(i.GPIO_SetBits)
    GPIO_WriteBit                            0x08000895   Thumb Code    12  stm32f10x_gpio.o(i.GPIO_WriteBit)
    HardFault_Handler                        0x080008a1   Thumb Code     2  stm32f10x_it.o(i.HardFault_Handler)
    Interrupt_Init                           0x080008a3   Thumb Code    30  interrupt.o(i.Interrupt_Init)
    Key_Init                                 0x080008c1   Thumb Code    38  key.o(i.Key_Init)
    LED_Init                                 0x080008ed   Thumb Code    88  led.o(i.LED_Init)
    MemManage_Handler                        0x0800094d   Thumb Code     2  stm32f10x_it.o(i.MemManage_Handler)
    NMI_Handler                              0x0800094f   Thumb Code     2  stm32f10x_it.o(i.NMI_Handler)
    NRF24L01_GPIO_Init                       0x08000951   Thumb Code   108  nrf24l01.o(i.NRF24L01_GPIO_Init)
    NRF24L01_Init                            0x080009c5   Thumb Code   150  nrf24l01.o(i.NRF24L01_Init)
    NRF24L01_Interrupt_Init                  0x08000a65   Thumb Code    76  nrf24l01.o(i.NRF24L01_Interrupt_Init)
    NRF24L01_R_Data                          0x08000ab1   Thumb Code    48  nrf24l01.o(i.NRF24L01_R_Data)
    NRF24L01_R_Data_More                     0x08000ae5   Thumb Code    68  nrf24l01.o(i.NRF24L01_R_Data_More)
    NRF24L01_Read_STATUS                     0x08000b2d   Thumb Code    40  nrf24l01.o(i.NRF24L01_Read_STATUS)
    NRF24L01_Receive_Data                    0x08000b59   Thumb Code    32  nrf24l01.o(i.NRF24L01_Receive_Data)
    NRF24L01_Send_Data                       0x08000b7d   Thumb Code    54  nrf24l01.o(i.NRF24L01_Send_Data)
    NRF24L01_Send_Error                      0x08000bbd   Thumb Code    48  nrf24l01.o(i.NRF24L01_Send_Error)
    NRF24L01_Send_OK                         0x08000bf5   Thumb Code    48  nrf24l01.o(i.NRF24L01_Send_OK)
    NRF24L01_W_Data                          0x08000c2d   Thumb Code    50  nrf24l01.o(i.NRF24L01_W_Data)
    NRF24L01_W_Data_More                     0x08000c65   Thumb Code    66  nrf24l01.o(i.NRF24L01_W_Data_More)
    NVIC_Init                                0x08000cad   Thumb Code    96  misc.o(i.NVIC_Init)
    NVIC_PriorityGroupConfig                 0x08000d11   Thumb Code    10  misc.o(i.NVIC_PriorityGroupConfig)
    PWM_Set_M_value                          0x08000d25   Thumb Code    50  control.o(i.PWM_Set_M_value)
    PWM_Set_S_value                          0x08000d65   Thumb Code   242  control.o(i.PWM_Set_S_value)
    PendSV_Handler                           0x08000e65   Thumb Code     2  stm32f10x_it.o(i.PendSV_Handler)
    RCC_ADCCLKConfig                         0x08000e69   Thumb Code    14  stm32f10x_rcc.o(i.RCC_ADCCLKConfig)
    RCC_AHBPeriphClockCmd                    0x08000e7d   Thumb Code    22  stm32f10x_rcc.o(i.RCC_AHBPeriphClockCmd)
    RCC_APB1PeriphClockCmd                   0x08000e99   Thumb Code    22  stm32f10x_rcc.o(i.RCC_APB1PeriphClockCmd)
    RCC_APB2PeriphClockCmd                   0x08000eb5   Thumb Code    22  stm32f10x_rcc.o(i.RCC_APB2PeriphClockCmd)
    RCC_GetClocksFreq                        0x08000ed1   Thumb Code   154  stm32f10x_rcc.o(i.RCC_GetClocksFreq)
    RunLED_State                             0x08000f7d   Thumb Code    26  led.o(i.RunLED_State)
    SPI1_GPIO_Init                           0x08000f9d   Thumb Code    60  spi.o(i.SPI1_GPIO_Init)
    SPI1_Init                                0x08000fdd   Thumb Code    88  spi.o(i.SPI1_Init)
    SPI1_SwapByte                            0x08001039   Thumb Code    48  spi.o(i.SPI1_SwapByte)
    SPI_Cmd                                  0x0800106d   Thumb Code    24  stm32f10x_spi.o(i.SPI_Cmd)
    SPI_I2S_GetFlagStatus                    0x08001085   Thumb Code    14  stm32f10x_spi.o(i.SPI_I2S_GetFlagStatus)
    SPI_I2S_ReceiveData                      0x08001093   Thumb Code     4  stm32f10x_spi.o(i.SPI_I2S_ReceiveData)
    SPI_I2S_SendData                         0x08001097   Thumb Code     4  stm32f10x_spi.o(i.SPI_I2S_SendData)
    SPI_Init                                 0x0800109b   Thumb Code    56  stm32f10x_spi.o(i.SPI_Init)
    SVC_Handler                              0x080010d3   Thumb Code     2  stm32f10x_it.o(i.SVC_Handler)
    SysTick_Handler                          0x08001189   Thumb Code     2  stm32f10x_it.o(i.SysTick_Handler)
    SystemInit                               0x0800118d   Thumb Code    64  system_stm32f10x.o(i.SystemInit)
    TEST_Motor_Control                       0x080011dd   Thumb Code     8  key.o(i.TEST_Motor_Control)
    TIM3_IRQHandler                          0x080011e9   Thumb Code   170  interrupt.o(i.TIM3_IRQHandler)
    TIM3_Init                                0x080012a1   Thumb Code    64  timer.o(i.TIM3_Init)
    TIM3_Interrupt_Init                      0x080012e5   Thumb Code    54  timer.o(i.TIM3_Interrupt_Init)
    TIM_ClearITPendingBit                    0x08001321   Thumb Code     6  stm32f10x_tim.o(i.TIM_ClearITPendingBit)
    TIM_Cmd                                  0x08001327   Thumb Code    24  stm32f10x_tim.o(i.TIM_Cmd)
    TIM_ITConfig                             0x0800133f   Thumb Code    20  stm32f10x_tim.o(i.TIM_ITConfig)
    TIM_InternalClockConfig                  0x08001353   Thumb Code    10  stm32f10x_tim.o(i.TIM_InternalClockConfig)
    TIM_TimeBaseInit                         0x0800135d   Thumb Code   114  stm32f10x_tim.o(i.TIM_TimeBaseInit)
    USART1_GPIO_Init                         0x080013f9   Thumb Code    62  usart.o(i.USART1_GPIO_Init)
    USART1_Init                              0x0800143d   Thumb Code    64  usart.o(i.USART1_Init)
    USART1_SendByte                          0x08001481   Thumb Code    26  usart.o(i.USART1_SendByte)
    USART1_SendPacket                        0x080014a1   Thumb Code    42  usart.o(i.USART1_SendPacket)
    USART_Cmd                                0x080014cb   Thumb Code    24  stm32f10x_usart.o(i.USART_Cmd)
    USART_GetFlagStatus                      0x080014e3   Thumb Code    14  stm32f10x_usart.o(i.USART_GetFlagStatus)
    USART_Init                               0x080014f1   Thumb Code   182  stm32f10x_usart.o(i.USART_Init)
    USART_SendData                           0x080015ad   Thumb Code     8  stm32f10x_usart.o(i.USART_SendData)
    UsageFault_Handler                       0x080015b5   Thumb Code     2  stm32f10x_it.o(i.UsageFault_Handler)
    exponential_moving_average               0x080015b7   Thumb Code   110  adc.o(i.exponential_moving_average)
    main                                     0x08001625   Thumb Code   132  main.o(i.main)
    __aeabi_dadd                             0x080016b5   Thumb Code     0  daddsub_clz.o(x$fpl$dadd)
    _dadd                                    0x080016b5   Thumb Code   332  daddsub_clz.o(x$fpl$dadd)
    __aeabi_d2uiz                            0x08001805   Thumb Code     0  dfixu.o(x$fpl$dfixu)
    _dfixu                                   0x08001805   Thumb Code    90  dfixu.o(x$fpl$dfixu)
    __aeabi_ui2d                             0x0800185f   Thumb Code     0  dflt_clz.o(x$fpl$dfltu)
    _dfltu                                   0x0800185f   Thumb Code    38  dflt_clz.o(x$fpl$dfltu)
    __aeabi_dmul                             0x08001885   Thumb Code     0  dmul.o(x$fpl$dmul)
    _dmul                                    0x08001885   Thumb Code   332  dmul.o(x$fpl$dmul)
    __fpl_dnaninf                            0x080019d9   Thumb Code   156  dnaninf.o(x$fpl$dnaninf)
    __fpl_dretinf                            0x08001a75   Thumb Code    12  dretinf.o(x$fpl$dretinf)
    __aeabi_dsub                             0x08001a81   Thumb Code     0  daddsub_clz.o(x$fpl$dsub)
    _dsub                                    0x08001a81   Thumb Code   464  daddsub_clz.o(x$fpl$dsub)
    __aeabi_f2d                              0x08001c55   Thumb Code     0  f2d.o(x$fpl$f2d)
    _f2d                                     0x08001c55   Thumb Code    86  f2d.o(x$fpl$f2d)
    __aeabi_fadd                             0x08001cad   Thumb Code     0  faddsub_clz.o(x$fpl$fadd)
    _fadd                                    0x08001cad   Thumb Code   196  faddsub_clz.o(x$fpl$fadd)
    __aeabi_fdiv                             0x08001d71   Thumb Code     0  fdiv.o(x$fpl$fdiv)
    _fdiv                                    0x08001d71   Thumb Code   384  fdiv.o(x$fpl$fdiv)
    __aeabi_f2uiz                            0x08001ef5   Thumb Code     0  ffixu.o(x$fpl$ffixu)
    _ffixu                                   0x08001ef5   Thumb Code    62  ffixu.o(x$fpl$ffixu)
    __aeabi_ui2f                             0x08001f35   Thumb Code     0  fflt_clz.o(x$fpl$ffltu)
    _ffltu                                   0x08001f35   Thumb Code    38  fflt_clz.o(x$fpl$ffltu)
    __aeabi_fmul                             0x08001f5d   Thumb Code     0  fmul.o(x$fpl$fmul)
    _fmul                                    0x08001f5d   Thumb Code   258  fmul.o(x$fpl$fmul)
    __fpl_fnaninf                            0x0800205f   Thumb Code   140  fnaninf.o(x$fpl$fnaninf)
    __fpl_fretinf                            0x080020eb   Thumb Code    10  fretinf.o(x$fpl$fretinf)
    __aeabi_frsub                            0x080020f5   Thumb Code     0  faddsub_clz.o(x$fpl$frsb)
    _frsb                                    0x080020f5   Thumb Code    20  faddsub_clz.o(x$fpl$frsb)
    __aeabi_fsub                             0x08002109   Thumb Code     0  faddsub_clz.o(x$fpl$fsub)
    _fsub                                    0x08002109   Thumb Code   234  faddsub_clz.o(x$fpl$fsub)
    NRF34L01_TX_Address                      0x080021f2   Data           5  nrf24l01.o(.constdata)
    __I$use$fp                               0x080021f2   Number         0  usenofp.o(x$fpl$usenofp)
    NRF34L01_RX_Address                      0x080021f7   Data           5  nrf24l01.o(.constdata)
    Region$$Table$$Base                      0x080021fc   Number         0  anon$$obj.o(Region$$Table)
    Region$$Table$$Limit                     0x0800221c   Number         0  anon$$obj.o(Region$$Table)
    EN_AA_State                              0x20000014   Data           1  main.o(.data)
    AD_Final_Value                           0x20000018   Data           8  adc.o(.data)
    NRF24L01_State                           0x20000020   Data           1  nrf24l01.o(.data)
    AD_Initial_Value                         0x20000024   Data          80  adc.o(.bss)
    Send_Data                                0x20000074   Data          44  control.o(.bss)
    __libspace_start                         0x200000a0   Data          96  libspace.o(.bss)
    __temporary_stack_top$libspace           0x20000100   Data           0  libspace.o(.bss)



==============================================================================

Memory Map of the image

  Image Entry point : 0x080000ed

  Load Region LR_IROM1 (Base: 0x08000000, Size: 0x00002240, Max: 0x00008000, ABSOLUTE)

    Execution Region ER_IROM1 (Exec base: 0x08000000, Load base: 0x08000000, Size: 0x0000221c, Max: 0x00008000, ABSOLUTE)

    Exec Addr    Load Addr    Size         Type   Attr      Idx    E Section Name        Object

    0x08000000   0x08000000   0x000000ec   Data   RO          132    RESET               startup_stm32f10x_ld.o
    0x080000ec   0x080000ec   0x00000008   Code   RO         4042  * !!!main             c_w.l(__main.o)
    0x080000f4   0x080000f4   0x00000034   Code   RO         4250    !!!scatter          c_w.l(__scatter.o)
    0x08000128   0x08000128   0x0000001a   Code   RO         4252    !!handler_copy      c_w.l(__scatter_copy.o)
    0x08000142   0x08000142   0x00000002   PAD
    0x08000144   0x08000144   0x0000001c   Code   RO         4254    !!handler_zi        c_w.l(__scatter_zi.o)
    0x08000160   0x08000160   0x00000002   Code   RO         4120    .ARM.Collect$$libinit$$00000000  c_w.l(libinit.o)
    0x08000162   0x08000162   0x00000000   Code   RO         4127    .ARM.Collect$$libinit$$00000002  c_w.l(libinit2.o)
    0x08000162   0x08000162   0x00000000   Code   RO         4129    .ARM.Collect$$libinit$$00000004  c_w.l(libinit2.o)
    0x08000162   0x08000162   0x00000000   Code   RO         4132    .ARM.Collect$$libinit$$0000000A  c_w.l(libinit2.o)
    0x08000162   0x08000162   0x00000000   Code   RO         4134    .ARM.Collect$$libinit$$0000000C  c_w.l(libinit2.o)
    0x08000162   0x08000162   0x00000000   Code   RO         4136    .ARM.Collect$$libinit$$0000000E  c_w.l(libinit2.o)
    0x08000162   0x08000162   0x00000000   Code   RO         4139    .ARM.Collect$$libinit$$00000011  c_w.l(libinit2.o)
    0x08000162   0x08000162   0x00000000   Code   RO         4141    .ARM.Collect$$libinit$$00000013  c_w.l(libinit2.o)
    0x08000162   0x08000162   0x00000000   Code   RO         4143    .ARM.Collect$$libinit$$00000015  c_w.l(libinit2.o)
    0x08000162   0x08000162   0x00000000   Code   RO         4145    .ARM.Collect$$libinit$$00000017  c_w.l(libinit2.o)
    0x08000162   0x08000162   0x00000000   Code   RO         4147    .ARM.Collect$$libinit$$00000019  c_w.l(libinit2.o)
    0x08000162   0x08000162   0x00000000   Code   RO         4149    .ARM.Collect$$libinit$$0000001B  c_w.l(libinit2.o)
    0x08000162   0x08000162   0x00000000   Code   RO         4151    .ARM.Collect$$libinit$$0000001D  c_w.l(libinit2.o)
    0x08000162   0x08000162   0x00000000   Code   RO         4153    .ARM.Collect$$libinit$$0000001F  c_w.l(libinit2.o)
    0x08000162   0x08000162   0x00000000   Code   RO         4155    .ARM.Collect$$libinit$$00000021  c_w.l(libinit2.o)
    0x08000162   0x08000162   0x00000000   Code   RO         4157    .ARM.Collect$$libinit$$00000023  c_w.l(libinit2.o)
    0x08000162   0x08000162   0x00000000   Code   RO         4159    .ARM.Collect$$libinit$$00000025  c_w.l(libinit2.o)
    0x08000162   0x08000162   0x00000000   Code   RO         4163    .ARM.Collect$$libinit$$0000002C  c_w.l(libinit2.o)
    0x08000162   0x08000162   0x00000000   Code   RO         4165    .ARM.Collect$$libinit$$0000002E  c_w.l(libinit2.o)
    0x08000162   0x08000162   0x00000000   Code   RO         4167    .ARM.Collect$$libinit$$00000030  c_w.l(libinit2.o)
    0x08000162   0x08000162   0x00000000   Code   RO         4169    .ARM.Collect$$libinit$$00000032  c_w.l(libinit2.o)
    0x08000162   0x08000162   0x00000002   Code   RO         4170    .ARM.Collect$$libinit$$00000033  c_w.l(libinit2.o)
    0x08000164   0x08000164   0x00000002   Code   RO         4190    .ARM.Collect$$libshutdown$$00000000  c_w.l(libshutdown.o)
    0x08000166   0x08000166   0x00000000   Code   RO         4203    .ARM.Collect$$libshutdown$$00000002  c_w.l(libshutdown2.o)
    0x08000166   0x08000166   0x00000000   Code   RO         4205    .ARM.Collect$$libshutdown$$00000004  c_w.l(libshutdown2.o)
    0x08000166   0x08000166   0x00000000   Code   RO         4208    .ARM.Collect$$libshutdown$$00000007  c_w.l(libshutdown2.o)
    0x08000166   0x08000166   0x00000000   Code   RO         4211    .ARM.Collect$$libshutdown$$0000000A  c_w.l(libshutdown2.o)
    0x08000166   0x08000166   0x00000000   Code   RO         4213    .ARM.Collect$$libshutdown$$0000000C  c_w.l(libshutdown2.o)
    0x08000166   0x08000166   0x00000000   Code   RO         4216    .ARM.Collect$$libshutdown$$0000000F  c_w.l(libshutdown2.o)
    0x08000166   0x08000166   0x00000002   Code   RO         4217    .ARM.Collect$$libshutdown$$00000010  c_w.l(libshutdown2.o)
    0x08000168   0x08000168   0x00000000   Code   RO         4086    .ARM.Collect$$rtentry$$00000000  c_w.l(__rtentry.o)
    0x08000168   0x08000168   0x00000000   Code   RO         4097    .ARM.Collect$$rtentry$$00000002  c_w.l(__rtentry2.o)
    0x08000168   0x08000168   0x00000006   Code   RO         4109    .ARM.Collect$$rtentry$$00000004  c_w.l(__rtentry4.o)
    0x0800016e   0x0800016e   0x00000000   Code   RO         4099    .ARM.Collect$$rtentry$$00000009  c_w.l(__rtentry2.o)
    0x0800016e   0x0800016e   0x00000004   Code   RO         4100    .ARM.Collect$$rtentry$$0000000A  c_w.l(__rtentry2.o)
    0x08000172   0x08000172   0x00000000   Code   RO         4102    .ARM.Collect$$rtentry$$0000000C  c_w.l(__rtentry2.o)
    0x08000172   0x08000172   0x00000008   Code   RO         4103    .ARM.Collect$$rtentry$$0000000D  c_w.l(__rtentry2.o)
    0x0800017a   0x0800017a   0x00000002   Code   RO         4124    .ARM.Collect$$rtexit$$00000000  c_w.l(rtexit.o)
    0x0800017c   0x0800017c   0x00000000   Code   RO         4172    .ARM.Collect$$rtexit$$00000002  c_w.l(rtexit2.o)
    0x0800017c   0x0800017c   0x00000004   Code   RO         4173    .ARM.Collect$$rtexit$$00000003  c_w.l(rtexit2.o)
    0x08000180   0x08000180   0x00000006   Code   RO         4174    .ARM.Collect$$rtexit$$00000004  c_w.l(rtexit2.o)
    0x08000186   0x08000186   0x00000002   PAD
    0x08000188   0x08000188   0x00000040   Code   RO          133    .text               startup_stm32f10x_ld.o
    0x080001c8   0x080001c8   0x00000006   Code   RO         4040    .text               c_w.l(heapauxi.o)
    0x080001ce   0x080001ce   0x0000004a   Code   RO         4111    .text               c_w.l(sys_stackheap_outer.o)
    0x08000218   0x08000218   0x00000012   Code   RO         4113    .text               c_w.l(exit.o)
    0x0800022a   0x0800022a   0x00000002   PAD
    0x0800022c   0x0800022c   0x00000008   Code   RO         4121    .text               c_w.l(libspace.o)
    0x08000234   0x08000234   0x0000000c   Code   RO         4182    .text               c_w.l(sys_exit.o)
    0x08000240   0x08000240   0x00000002   Code   RO         4193    .text               c_w.l(use_no_semi.o)
    0x08000242   0x08000242   0x00000000   Code   RO         4195    .text               c_w.l(indicate_semi.o)
    0x08000242   0x08000242   0x00000002   PAD
    0x08000244   0x08000244   0x00000050   Code   RO         3651    i.ADC1_Calibrate    adc.o
    0x08000294   0x08000294   0x00000080   Code   RO         3652    i.ADC1_In_Init      adc.o
    0x08000314   0x08000314   0x00000016   Code   RO         3653    i.ADC1_Init         adc.o
    0x0800032a   0x0800032a   0x00000002   PAD
    0x0800032c   0x0800032c   0x0000000c   Code   RO         3655    i.ADC1_Start        adc.o
    0x08000338   0x08000338   0x00000018   Code   RO          202    i.ADC_Cmd           stm32f10x_adc.o
    0x08000350   0x08000350   0x00000064   Code   RO         3656    i.ADC_DMA1_1_Init   adc.o
    0x080003b4   0x080003b4   0x00000018   Code   RO          203    i.ADC_DMACmd        stm32f10x_adc.o
    0x080003cc   0x080003cc   0x0000002c   Code   RO         3657    i.ADC_GPIO_Init     adc.o
    0x080003f8   0x080003f8   0x0000000e   Code   RO          210    i.ADC_GetCalibrationStatus  stm32f10x_adc.o
    0x08000406   0x08000406   0x0000000e   Code   RO          216    i.ADC_GetResetCalibrationStatus  stm32f10x_adc.o
    0x08000414   0x08000414   0x00000048   Code   RO          220    i.ADC_Init          stm32f10x_adc.o
    0x0800045c   0x0800045c   0x00000074   Code   RO          224    i.ADC_RegularChannelConfig  stm32f10x_adc.o
    0x080004d0   0x080004d0   0x0000000a   Code   RO          225    i.ADC_ResetCalibration  stm32f10x_adc.o
    0x080004da   0x080004da   0x00000018   Code   RO          227    i.ADC_SoftwareStartConvCmd  stm32f10x_adc.o
    0x080004f2   0x080004f2   0x0000000a   Code   RO          229    i.ADC_StartCalibration  stm32f10x_adc.o
    0x080004fc   0x080004fc   0x00000034   Code   RO         3855    i.BEEP_Init         beep.o
    0x08000530   0x08000530   0x0000001c   Code   RO         3856    i.BEEP_State        beep.o
    0x0800054c   0x0800054c   0x00000002   Code   RO         3255    i.BusFault_Handler  stm32f10x_it.o
    0x0800054e   0x0800054e   0x00000002   PAD
    0x08000550   0x08000550   0x00000050   Code   RO         3658    i.Compute_AD_Final_Value  adc.o
    0x080005a0   0x080005a0   0x00000064   Code   RO         3803    i.Control           control.o
    0x08000604   0x08000604   0x0000001a   Code   RO          911    i.DMA_Cmd           stm32f10x_dma.o
    0x0800061e   0x0800061e   0x0000003a   Code   RO          917    i.DMA_Init          stm32f10x_dma.o
    0x08000658   0x08000658   0x00000002   Code   RO         3256    i.DebugMon_Handler  stm32f10x_it.o
    0x0800065a   0x0800065a   0x00000020   Code   RO         3320    i.Delay_us          delay.o
    0x0800067a   0x0800067a   0x00000002   PAD
    0x0800067c   0x0800067c   0x00000020   Code   RO         3507    i.EALED_State       led.o
    0x0800069c   0x0800069c   0x00000020   Code   RO         3508    i.EN_AA_LED_State   led.o
    0x080006bc   0x080006bc   0x00000074   Code   RO         3345    i.EXTI1_IRQHandler  interrupt.o
    0x08000730   0x08000730   0x0000000c   Code   RO          985    i.EXTI_ClearITPendingBit  stm32f10x_exti.o
    0x0800073c   0x0800073c   0x00000074   Code   RO          990    i.EXTI_Init         stm32f10x_exti.o
    0x080007b0   0x080007b0   0x00000028   Code   RO         1344    i.GPIO_EXTILineConfig  stm32f10x_gpio.o
    0x080007d8   0x080007d8   0x000000a6   Code   RO         1347    i.GPIO_Init         stm32f10x_gpio.o
    0x0800087e   0x0800087e   0x0000000e   Code   RO         1351    i.GPIO_ReadInputDataBit  stm32f10x_gpio.o
    0x0800088c   0x0800088c   0x00000004   Code   RO         1354    i.GPIO_ResetBits    stm32f10x_gpio.o
    0x08000890   0x08000890   0x00000004   Code   RO         1355    i.GPIO_SetBits      stm32f10x_gpio.o
    0x08000894   0x08000894   0x0000000c   Code   RO         1358    i.GPIO_WriteBit     stm32f10x_gpio.o
    0x080008a0   0x080008a0   0x00000002   Code   RO         3257    i.HardFault_Handler  stm32f10x_it.o
    0x080008a2   0x080008a2   0x0000001e   Code   RO         3346    i.Interrupt_Init    interrupt.o
    0x080008c0   0x080008c0   0x0000002c   Code   RO         3834    i.Key_Init          key.o
    0x080008ec   0x080008ec   0x00000060   Code   RO         3509    i.LED_Init          led.o
    0x0800094c   0x0800094c   0x00000002   Code   RO         3258    i.MemManage_Handler  stm32f10x_it.o
    0x0800094e   0x0800094e   0x00000002   Code   RO         3259    i.NMI_Handler       stm32f10x_it.o
    0x08000950   0x08000950   0x00000074   Code   RO         3718    i.NRF24L01_GPIO_Init  nrf24l01.o
    0x080009c4   0x080009c4   0x000000a0   Code   RO         3719    i.NRF24L01_Init     nrf24l01.o
    0x08000a64   0x08000a64   0x0000004c   Code   RO         3720    i.NRF24L01_Interrupt_Init  nrf24l01.o
    0x08000ab0   0x08000ab0   0x00000034   Code   RO         3721    i.NRF24L01_R_Data   nrf24l01.o
    0x08000ae4   0x08000ae4   0x00000048   Code   RO         3722    i.NRF24L01_R_Data_More  nrf24l01.o
    0x08000b2c   0x08000b2c   0x0000002c   Code   RO         3723    i.NRF24L01_Read_STATUS  nrf24l01.o
    0x08000b58   0x08000b58   0x00000024   Code   RO         3724    i.NRF24L01_Receive_Data  nrf24l01.o
    0x08000b7c   0x08000b7c   0x00000040   Code   RO         3725    i.NRF24L01_Send_Data  nrf24l01.o
    0x08000bbc   0x08000bbc   0x00000038   Code   RO         3726    i.NRF24L01_Send_Error  nrf24l01.o
    0x08000bf4   0x08000bf4   0x00000038   Code   RO         3727    i.NRF24L01_Send_OK  nrf24l01.o
    0x08000c2c   0x08000c2c   0x00000038   Code   RO         3728    i.NRF24L01_W_Data   nrf24l01.o
    0x08000c64   0x08000c64   0x00000048   Code   RO         3729    i.NRF24L01_W_Data_More  nrf24l01.o
    0x08000cac   0x08000cac   0x00000064   Code   RO          137    i.NVIC_Init         misc.o
    0x08000d10   0x08000d10   0x00000014   Code   RO          138    i.NVIC_PriorityGroupConfig  misc.o
    0x08000d24   0x08000d24   0x00000040   Code   RO         3804    i.PWM_Set_M_value   control.o
    0x08000d64   0x08000d64   0x00000100   Code   RO         3805    i.PWM_Set_S_value   control.o
    0x08000e64   0x08000e64   0x00000002   Code   RO         3260    i.PendSV_Handler    stm32f10x_it.o
    0x08000e66   0x08000e66   0x00000002   PAD
    0x08000e68   0x08000e68   0x00000014   Code   RO         1773    i.RCC_ADCCLKConfig  stm32f10x_rcc.o
    0x08000e7c   0x08000e7c   0x0000001c   Code   RO         1774    i.RCC_AHBPeriphClockCmd  stm32f10x_rcc.o
    0x08000e98   0x08000e98   0x0000001c   Code   RO         1775    i.RCC_APB1PeriphClockCmd  stm32f10x_rcc.o
    0x08000eb4   0x08000eb4   0x0000001c   Code   RO         1777    i.RCC_APB2PeriphClockCmd  stm32f10x_rcc.o
    0x08000ed0   0x08000ed0   0x000000ac   Code   RO         1785    i.RCC_GetClocksFreq  stm32f10x_rcc.o
    0x08000f7c   0x08000f7c   0x00000020   Code   RO         3510    i.RunLED_State      led.o
    0x08000f9c   0x08000f9c   0x00000040   Code   RO         3375    i.SPI1_GPIO_Init    spi.o
    0x08000fdc   0x08000fdc   0x0000005c   Code   RO         3376    i.SPI1_Init         spi.o
    0x08001038   0x08001038   0x00000034   Code   RO         3377    i.SPI1_SwapByte     spi.o
    0x0800106c   0x0800106c   0x00000018   Code   RO         2263    i.SPI_Cmd           stm32f10x_spi.o
    0x08001084   0x08001084   0x0000000e   Code   RO         2271    i.SPI_I2S_GetFlagStatus  stm32f10x_spi.o
    0x08001092   0x08001092   0x00000004   Code   RO         2274    i.SPI_I2S_ReceiveData  stm32f10x_spi.o
    0x08001096   0x08001096   0x00000004   Code   RO         2275    i.SPI_I2S_SendData  stm32f10x_spi.o
    0x0800109a   0x0800109a   0x00000038   Code   RO         2276    i.SPI_Init          stm32f10x_spi.o
    0x080010d2   0x080010d2   0x00000002   Code   RO         3261    i.SVC_Handler       stm32f10x_it.o
    0x080010d4   0x080010d4   0x00000004   Code   RO            1    i.SetSysClock       system_stm32f10x.o
    0x080010d8   0x080010d8   0x000000b0   Code   RO            2    i.SetSysClockTo72   system_stm32f10x.o
    0x08001188   0x08001188   0x00000002   Code   RO         3262    i.SysTick_Handler   stm32f10x_it.o
    0x0800118a   0x0800118a   0x00000002   PAD
    0x0800118c   0x0800118c   0x00000050   Code   RO            4    i.SystemInit        system_stm32f10x.o
    0x080011dc   0x080011dc   0x0000000c   Code   RO         3835    i.TEST_Motor_Control  key.o
    0x080011e8   0x080011e8   0x000000b8   Code   RO         3347    i.TIM3_IRQHandler   interrupt.o
    0x080012a0   0x080012a0   0x00000044   Code   RO         3404    i.TIM3_Init         timer.o
    0x080012e4   0x080012e4   0x0000003c   Code   RO         3405    i.TIM3_Interrupt_Init  timer.o
    0x08001320   0x08001320   0x00000006   Code   RO         2416    i.TIM_ClearITPendingBit  stm32f10x_tim.o
    0x08001326   0x08001326   0x00000018   Code   RO         2421    i.TIM_Cmd           stm32f10x_tim.o
    0x0800133e   0x0800133e   0x00000014   Code   RO         2446    i.TIM_ITConfig      stm32f10x_tim.o
    0x08001352   0x08001352   0x0000000a   Code   RO         2448    i.TIM_InternalClockConfig  stm32f10x_tim.o
    0x0800135c   0x0800135c   0x0000009c   Code   RO         2492    i.TIM_TimeBaseInit  stm32f10x_tim.o
    0x080013f8   0x080013f8   0x00000044   Code   RO         3435    i.USART1_GPIO_Init  usart.o
    0x0800143c   0x0800143c   0x00000044   Code   RO         3438    i.USART1_Init       usart.o
    0x08001480   0x08001480   0x00000020   Code   RO         3441    i.USART1_SendByte   usart.o
    0x080014a0   0x080014a0   0x0000002a   Code   RO         3443    i.USART1_SendPacket  usart.o
    0x080014ca   0x080014ca   0x00000018   Code   RO         2960    i.USART_Cmd         stm32f10x_usart.o
    0x080014e2   0x080014e2   0x0000000e   Code   RO         2963    i.USART_GetFlagStatus  stm32f10x_usart.o
    0x080014f0   0x080014f0   0x000000bc   Code   RO         2967    i.USART_Init        stm32f10x_usart.o
    0x080015ac   0x080015ac   0x00000008   Code   RO         2977    i.USART_SendData    stm32f10x_usart.o
    0x080015b4   0x080015b4   0x00000002   Code   RO         3263    i.UsageFault_Handler  stm32f10x_it.o
    0x080015b6   0x080015b6   0x0000006e   Code   RO         3659    i.exponential_moving_average  adc.o
    0x08001624   0x08001624   0x00000090   Code   RO         3196    i.main              main.o
    0x080016b4   0x080016b4   0x00000150   Code   RO         4044    x$fpl$dadd          fz_ws.l(daddsub_clz.o)
    0x08001804   0x08001804   0x0000005a   Code   RO         4050    x$fpl$dfixu         fz_ws.l(dfixu.o)
    0x0800185e   0x0800185e   0x00000026   Code   RO         4054    x$fpl$dfltu         fz_ws.l(dflt_clz.o)
    0x08001884   0x08001884   0x00000154   Code   RO         4060    x$fpl$dmul          fz_ws.l(dmul.o)
    0x080019d8   0x080019d8   0x0000009c   Code   RO         4087    x$fpl$dnaninf       fz_ws.l(dnaninf.o)
    0x08001a74   0x08001a74   0x0000000c   Code   RO         4089    x$fpl$dretinf       fz_ws.l(dretinf.o)
    0x08001a80   0x08001a80   0x000001d4   Code   RO         4046    x$fpl$dsub          fz_ws.l(daddsub_clz.o)
    0x08001c54   0x08001c54   0x00000056   Code   RO         4062    x$fpl$f2d           fz_ws.l(f2d.o)
    0x08001caa   0x08001caa   0x00000002   PAD
    0x08001cac   0x08001cac   0x000000c4   Code   RO         4064    x$fpl$fadd          fz_ws.l(faddsub_clz.o)
    0x08001d70   0x08001d70   0x00000184   Code   RO         4071    x$fpl$fdiv          fz_ws.l(fdiv.o)
    0x08001ef4   0x08001ef4   0x0000003e   Code   RO         4074    x$fpl$ffixu         fz_ws.l(ffixu.o)
    0x08001f32   0x08001f32   0x00000002   PAD
    0x08001f34   0x08001f34   0x00000026   Code   RO         4078    x$fpl$ffltu         fz_ws.l(fflt_clz.o)
    0x08001f5a   0x08001f5a   0x00000002   PAD
    0x08001f5c   0x08001f5c   0x00000102   Code   RO         4084    x$fpl$fmul          fz_ws.l(fmul.o)
    0x0800205e   0x0800205e   0x0000008c   Code   RO         4091    x$fpl$fnaninf       fz_ws.l(fnaninf.o)
    0x080020ea   0x080020ea   0x0000000a   Code   RO         4093    x$fpl$fretinf       fz_ws.l(fretinf.o)
    0x080020f4   0x080020f4   0x00000014   Code   RO         4065    x$fpl$frsb          fz_ws.l(faddsub_clz.o)
    0x08002108   0x08002108   0x000000ea   Code   RO         4066    x$fpl$fsub          fz_ws.l(faddsub_clz.o)
    0x080021f2   0x080021f2   0x00000000   Code   RO         4095    x$fpl$usenofp       fz_ws.l(usenofp.o)
    0x080021f2   0x080021f2   0x0000000a   Data   RO         3730    .constdata          nrf24l01.o
    0x080021fc   0x080021fc   0x00000020   Data   RO         4248    Region$$Table       anon$$obj.o


    Execution Region RW_IRAM1 (Exec base: 0x20000000, Load base: 0x0800221c, Size: 0x00000700, Max: 0x00002800, ABSOLUTE)

    Exec Addr    Load Addr    Size         Type   Attr      Idx    E Section Name        Object

    0x20000000   0x0800221c   0x00000014   Data   RW         1805    .data               stm32f10x_rcc.o
    0x20000014   0x08002230   0x00000001   Data   RW         3197    .data               main.o
    0x20000015   0x08002231   0x00000002   Data   RW         3348    .data               interrupt.o
    0x20000017   0x08002233   0x00000001   PAD
    0x20000018   0x08002234   0x00000008   Data   RW         3661    .data               adc.o
    0x20000020   0x0800223c   0x00000001   Data   RW         3731    .data               nrf24l01.o
    0x20000021   0x0800223d   0x00000001   Data   RW         3807    .data               control.o
    0x20000022   0x0800223e   0x00000002   PAD
    0x20000024        -       0x00000050   Zero   RW         3660    .bss                adc.o
    0x20000074        -       0x0000002c   Zero   RW         3806    .bss                control.o
    0x200000a0        -       0x00000060   Zero   RW         4122    .bss                c_w.l(libspace.o)
    0x20000100        -       0x00000200   Zero   RW          131    HEAP                startup_stm32f10x_ld.o
    0x20000300        -       0x00000400   Zero   RW          130    STACK               startup_stm32f10x_ld.o


==============================================================================

Image component sizes


      Code (inc. data)   RO Data    RW Data    ZI Data      Debug   Object Name

       576         48          0          8         80       4915   adc.o
        80         10          0          0          0        917   beep.o
       420         40          0          1         44       2962   control.o
         0          0          0          0          0         32   core_cm3.o
        32          0          0          0          0        447   delay.o
       330         24          0          2          0       1858   interrupt.o
        56         10          0          0          0        880   key.o
       192         26          0          0          0       1846   led.o
       144         12          0          1          0        721   main.o
       120         14          0          0          0     215327   misc.o
       860         72         10          1          0       7671   nrf24l01.o
       208         12          0          0          0       1521   spi.o
        64         26        236          0       1536        776   startup_stm32f10x_ld.o
       308         10          0          0          0      17809   stm32f10x_adc.o
        84          0          0          0          0      12437   stm32f10x_dma.o
       128         12          0          0          0       3561   stm32f10x_exti.o
       240          6          0          0          0      12902   stm32f10x_gpio.o
        18          0          0          0          0       3570   stm32f10x_it.o
       276         42          0         20          0      14069   stm32f10x_rcc.o
       102          0          0          0          0      10430   stm32f10x_spi.o
       216         42          0          0          0      23490   stm32f10x_tim.o
       234          6          0          0          0       9940   stm32f10x_usart.o
       260         26          0          0          0      66237   system_stm32f10x.o
       128         10          0          0          0       1090   timer.o
       210         16          0          0          0       2467   usart.o

    ----------------------------------------------------------------------
      5296        464        278         36       1660     417875   Object Totals
         0          0         32          0          0          0   (incl. Generated)
        10          0          0          3          0          0   (incl. Padding)

    ----------------------------------------------------------------------

      Code (inc. data)   RO Data    RW Data    ZI Data      Debug   Library Member Name

         8          0          0          0          0         68   __main.o
         0          0          0          0          0          0   __rtentry.o
        12          0          0          0          0          0   __rtentry2.o
         6          0          0          0          0          0   __rtentry4.o
        52          8          0          0          0          0   __scatter.o
        26          0          0          0          0          0   __scatter_copy.o
        28          0          0          0          0          0   __scatter_zi.o
        18          0          0          0          0         80   exit.o
         6          0          0          0          0        152   heapauxi.o
         0          0          0          0          0          0   indicate_semi.o
         2          0          0          0          0          0   libinit.o
         2          0          0          0          0          0   libinit2.o
         2          0          0          0          0          0   libshutdown.o
         2          0          0          0          0          0   libshutdown2.o
         8          4          0          0         96         68   libspace.o
         2          0          0          0          0          0   rtexit.o
        10          0          0          0          0          0   rtexit2.o
        12          4          0          0          0         68   sys_exit.o
        74          0          0          0          0         80   sys_stackheap_outer.o
         2          0          0          0          0         68   use_no_semi.o
       804         16          0          0          0        272   daddsub_clz.o
        90          4          0          0          0         92   dfixu.o
        38          0          0          0          0         68   dflt_clz.o
       340         12          0          0          0        104   dmul.o
       156          4          0          0          0         92   dnaninf.o
        12          0          0          0          0         68   dretinf.o
        86          4          0          0          0         84   f2d.o
       450          8          0          0          0        236   faddsub_clz.o
       388         76          0          0          0         96   fdiv.o
        62          4          0          0          0         84   ffixu.o
        38          0          0          0          0         68   fflt_clz.o
       258          4          0          0          0         84   fmul.o
       140          4          0          0          0         84   fnaninf.o
        10          0          0          0          0         68   fretinf.o
         0          0          0          0          0          0   usenofp.o

    ----------------------------------------------------------------------
      3158        152          0          0         96       2084   Library Totals
        14          0          0          0          0          0   (incl. Padding)

    ----------------------------------------------------------------------

      Code (inc. data)   RO Data    RW Data    ZI Data      Debug   Library Name

       272         16          0          0         96        584   c_w.l
      2872        136          0          0          0       1500   fz_ws.l

    ----------------------------------------------------------------------
      3158        152          0          0         96       2084   Library Totals

    ----------------------------------------------------------------------

==============================================================================


      Code (inc. data)   RO Data    RW Data    ZI Data      Debug   

      8454        616        278         36       1756     414131   Grand Totals
      8454        616        278         36       1756     414131   ELF Image Totals
      8454        616        278         36          0          0   ROM Totals

==============================================================================

    Total RO  Size (Code + RO Data)                 8732 (   8.53kB)
    Total RW  Size (RW Data + ZI Data)              1792 (   1.75kB)
    Total ROM Size (Code + RO Data + RW Data)       8768 (   8.56kB)

==============================================================================

